Component: ARM Compiler 5.06 update 4 (build 422) Tool: armlink [4d35d2]

==============================================================================

Section Cross References

    startup_stm32f030.o(RESET) refers to startup_stm32f030.o(STACK) for __initial_sp
    startup_stm32f030.o(RESET) refers to startup_stm32f030.o(.text) for Reset_Handler
    startup_stm32f030.o(RESET) refers to stm32f0xx_it.o(.text) for NMI_Handler
    startup_stm32f030.o(RESET) refers to port.o(.text) for SVC_Handler
    startup_stm32f030.o(RESET) refers to port.o(.emb_text) for PendSV_Handler
    startup_stm32f030.o(RESET) refers to usart.o(.text) for USART1_IRQHandler
    startup_stm32f030.o(.text) refers to startup_stm32f030.o(STACK) for __initial_sp
    startup_stm32f030.o(.text) refers to system_stm32f0xx.o(.text) for SystemInit
    startup_stm32f030.o(.text) refers to entry.o(.ARM.Collect$$$$00000000) for __main
    stm32f0xx_gpio.o(.text) refers to stm32f0xx_rcc.o(.text) for RCC_AHBPeriphResetCmd
    stm32f0xx_rcc.o(.text) refers to uidiv.o(.text) for __aeabi_uidivmod
    stm32f0xx_rcc.o(.text) refers to stm32f0xx_rcc.o(.data) for APBAHBPrescTable
    stm32f0xx_usart.o(.text) refers to stm32f0xx_rcc.o(.text) for RCC_APB2PeriphResetCmd
    stm32f0xx_usart.o(.text) refers to uidiv.o(.text) for __aeabi_uidivmod
    stm32f0xx_adc.o(.text) refers to stm32f0xx_rcc.o(.text) for RCC_APB2PeriphResetCmd
    stm32f0xx_tim.o(.text) refers to stm32f0xx_rcc.o(.text) for RCC_APB2PeriphResetCmd
    queue.o(.text) refers to port.o(.text) for vPortEnterCritical
    queue.o(.text) refers to tasks.o(.text) for xTaskRemoveFromEventList
    queue.o(.text) refers to list.o(.text) for vListInitialise
    queue.o(.text) refers to heap_2.o(.text) for pvPortMalloc
    queue.o(.text) refers to memcpya.o(.text) for __aeabi_memcpy
    queue.o(.text) refers to port.o(.emb_text) for ulSetInterruptMaskFromISR
    queue.o(.text) refers to queue.o(.bss) for xQueueRegistry
    timers.o(.text) refers to list.o(.text) for vListInsert
    timers.o(.text) refers to tasks.o(.text) for xTaskGetSchedulerState
    timers.o(.text) refers to queue.o(.text) for xQueueGenericSend
    timers.o(.text) refers to heap_2.o(.text) for vPortFree
    timers.o(.text) refers to port.o(.text) for vPortYield
    timers.o(.text) refers to timers.o(.data) for pxOverflowTimerList
    timers.o(.text) refers to timers.o(.bss) for xActiveTimerList1
    tasks.o(.text) refers to list.o(.text) for vListInitialise
    tasks.o(.text) refers to heap_2.o(.text) for pvPortMalloc
    tasks.o(.text) refers to memseta.o(.text) for __aeabi_memset
    tasks.o(.text) refers to port.o(.text) for pxPortInitialiseStack
    tasks.o(.text) refers to tasks.o(.bss) for pxReadyTasksLists
    tasks.o(.text) refers to tasks.o(.data) for pxDelayedTaskList
    tasks.o(.text) refers to main.o(.text) for vApplicationStackOverflowHook
    tasks.o(.text) refers to port.o(.emb_text) for ulSetInterruptMaskFromISR
    tasks.o(.text) refers to timers.o(.text) for xTimerCreateTimerTask
    port.o(.emb_text) refers to tasks.o(.data) for pxCurrentTCB
    port.o(.emb_text) refers to tasks.o(.text) for vTaskSwitchContext
    port.o(.text) refers to uidiv.o(.text) for __aeabi_uidivmod
    port.o(.text) refers to port.o(.emb_text) for __asm___6_port_c_39a90d8d__prvPortStartFirstTask
    port.o(.text) refers to tasks.o(.text) for xTaskIncrementTick
    port.o(.text) refers to port.o(.data) for uxCriticalNesting
    port.o(.text) refers to system_stm32f0xx.o(.data) for SystemCoreClock
    heap_2.o(.text) refers to tasks.o(.text) for vTaskSuspendAll
    heap_2.o(.text) refers to heap_2.o(.bss) for ucHeap
    heap_2.o(.text) refers to heap_2.o(.data) for xStart
    main.o(.text) refers to printf0.o(i.__0printf$0) for __2printf
    main.o(.text) refers to tx_framer.o(.text) for TXFramer_SendSync
    main.o(.text) refers to queue.o(.text) for xQueueGenericReceive
    main.o(.text) refers to ledcombo.o(.text) for LEDCombo_TurnOn
    main.o(.text) refers to cmdparser.o(.text) for CMDParser_COM1_Handler
    main.o(.text) refers to tasks.o(.text) for vTaskDelay
    main.o(.text) refers to keypad_m.o(.text) for Keypad_ReadKey
    main.o(.text) refers to app.o(.text) for Handle_Key_Pressed
    main.o(.text) refers to stm32f0xx_rcc.o(.text) for RCC_GetClocksFreq
    main.o(.text) refers to uidiv.o(.text) for __aeabi_uidivmod
    main.o(.text) refers to usart.o(.text) for USART1_Config
    main.o(.text) refers to m24c02.o(.text) for M24C02_Init
    main.o(.text) refers to app.o(.data) for IsTestMode
    main.o(.text) refers to usart.o(.data) for USART1_ReceivedSemaphore
    main.o(.text) refers to main.o(.data) for COM1_LED_ON
    system_stm32f0xx.o(.text) refers to uidiv.o(.text) for __aeabi_uidivmod
    system_stm32f0xx.o(.text) refers to system_stm32f0xx.o(.data) for SystemCoreClock
    app.o(.text) refers to ledcombo.o(.text) for LEDCombo_EnterNormalMode
    app.o(.text) refers to tasks.o(.text) for vTaskResume
[...]
    printfa.o(i.__0printf) refers to stdout.o(.data) for __stdout
    printfa.o(i.__0snprintf) refers (Special) to iusefp.o(.text) for __I$use$fp
    printfa.o(i.__0snprintf) refers to printfa.o(i._printf_core) for _printf_core
    printfa.o(i.__0snprintf) refers to printfa.o(i._snputc) for _snputc
    printfa.o(i.__0sprintf) refers (Special) to iusefp.o(.text) for __I$use$fp
    printfa.o(i.__0sprintf) refers to printfa.o(i._printf_core) for _printf_core
    printfa.o(i.__0sprintf) refers to printfa.o(i._sputc) for _sputc
    printfa.o(i.__0vfprintf) refers (Special) to iusefp.o(.text) for __I$use$fp
    printfa.o(i.__0vfprintf) refers to printfa.o(i._printf_core) for _printf_core
    printfa.o(i.__0vfprintf) refers to usart.o(.text) for fputc
    printfa.o(i.__0vprintf) refers (Special) to iusefp.o(.text) for __I$use$fp
    printfa.o(i.__0vprintf) refers to printfa.o(i._printf_core) for _printf_core
    printfa.o(i.__0vprintf) refers to usart.o(.text) for fputc
    printfa.o(i.__0vprintf) refers to stdout.o(.data) for __stdout
    printfa.o(i.__0vsnprintf) refers (Special) to iusefp.o(.text) for __I$use$fp
    printfa.o(i.__0vsnprintf) refers to printfa.o(i._printf_core) for _printf_core
    printfa.o(i.__0vsnprintf) refers to printfa.o(i._snputc) for _snputc
    printfa.o(i.__0vsprintf) refers (Special) to iusefp.o(.text) for __I$use$fp
    printfa.o(i.__0vsprintf) refers to printfa.o(i._printf_core) for _printf_core
    printfa.o(i.__0vsprintf) refers to printfa.o(i._sputc) for _sputc
    printfa.o(i._fp_digits) refers (Special) to iusefp.o(.text) for __I$use$fp
    printfa.o(i._fp_digits) refers to dmul.o(.text) for __aeabi_dmul
    printfa.o(i._fp_digits) refers to ddiv.o(.text) for __aeabi_ddiv
    printfa.o(i._fp_digits) refers to cdrcmple.o(.text) for __aeabi_cdrcmple
    printfa.o(i._fp_digits) refers to dadd.o(.text) for __aeabi_dadd
    printfa.o(i._fp_digits) refers to dfixul.o(.text) for __aeabi_d2ulz
    printfa.o(i._fp_digits) refers to uldiv.o(.text) for __aeabi_uldivmod
    printfa.o(i._printf_core) refers (Special) to iusefp.o(.text) for __I$use$fp
    printfa.o(i._printf_core) refers to printfa.o(i._printf_pre_padding) for _printf_pre_padding
    printfa.o(i._printf_core) refers to uldiv.o(.text) for __aeabi_uldivmod
    printfa.o(i._printf_core) refers to printfa.o(i._printf_post_padding) for _printf_post_padding
    printfa.o(i._printf_core) refers to printfa.o(i._fp_digits) for _fp_digits
    printfa.o(i._printf_core) refers to uidiv.o(.text) for __aeabi_uidivmod
    printfa.o(i._printf_post_padding) refers (Special) to iusefp.o(.text) for __I$use$fp
    printfa.o(i._printf_pre_padding) refers (Special) to iusefp.o(.text) for __I$use$fp
    printfa.o(i._snputc) refers (Special) to iusefp.o(.text) for __I$use$fp
    printfa.o(i._sputc) refers (Special) to iusefp.o(.text) for __I$use$fp
    entry2.o(.ARM.Collect$$$$00000001) refers to entry2.o(.ARM.Collect$$$$00002712) for __lit__00000000
    entry2.o(.ARM.Collect$$$$00002712) refers to startup_stm32f030.o(STACK) for __initial_sp
    entry2.o(__vectab_stack_and_reset_area) refers to startup_stm32f030.o(STACK) for __initial_sp
    entry2.o(__vectab_stack_and_reset_area) refers to entry.o(.ARM.Collect$$$$00000000) for __main
    entry5.o(.ARM.Collect$$$$00000004) refers to init.o(.text) for __scatterload
    entry9a.o(.ARM.Collect$$$$0000000B) refers to main.o(.text) for main
    entry9b.o(.ARM.Collect$$$$0000000C) refers to main.o(.text) for main
    uldiv.o(.text) refers to llushr.o(.text) for __aeabi_llsr
    uldiv.o(.text) refers to llshl.o(.text) for __aeabi_llsl
    dadd.o(.text) refers to llshl.o(.text) for __aeabi_llsl
    dadd.o(.text) refers to llsshr.o(.text) for __aeabi_lasr
    dadd.o(.text) refers to depilogue.o(.text) for _double_epilogue
    dmul.o(.text) refers to depilogue.o(.text) for _double_epilogue
    ddiv.o(.text) refers to depilogue.o(.text) for _double_round
    dfixul.o(.text) refers to llushr.o(.text) for __aeabi_llsr
    dfixul.o(.text) refers to llshl.o(.text) for __aeabi_llsl
    init.o(.text) refers to entry5.o(.ARM.Collect$$$$00000004) for __main_after_scatterload
    depilogue.o(.text) refers to depilogue.o(i.__ARM_clz) for __ARM_clz
    depilogue.o(.text) refers to llshl.o(.text) for __aeabi_llsl
    depilogue.o(.text) refers to llushr.o(.text) for __aeabi_llsr


==============================================================================

Removing Unused input sections from the image.

    Removing startup_stm32f030.o(HEAP), (512 bytes).
    Removing stm32f0xx_gpio.o(.rev16_text), (4 bytes).
    Removing stm32f0xx_gpio.o(.revsh_text), (4 bytes).
    Removing stm32f0xx_rcc.o(.rev16_text), (4 bytes).
    Removing stm32f0xx_rcc.o(.revsh_text), (4 bytes).
    Removing stm32f0xx_usart.o(.rev16_text), (4 bytes).
    Removing stm32f0xx_usart.o(.revsh_text), (4 bytes).
    Removing stm32f0xx_syscfg.o(.rev16_text), (4 bytes).
    Removing stm32f0xx_syscfg.o(.revsh_text), (4 bytes).
    Removing stm32f0xx_syscfg.o(.text), (284 bytes).
    Removing stm32f0xx_misc.o(.rev16_text), (4 bytes).
    Removing stm32f0xx_misc.o(.revsh_text), (4 bytes).
    Removing stm32f0xx_adc.o(.rev16_text), (4 bytes).
    Removing stm32f0xx_adc.o(.revsh_text), (4 bytes).
    Removing stm32f0xx_adc.o(.text), (748 bytes).
    Removing stm32f0xx_tim.o(.rev16_text), (4 bytes).
    Removing stm32f0xx_tim.o(.revsh_text), (4 bytes).
    Removing list.o(.rev16_text), (4 bytes).
    Removing list.o(.revsh_text), (4 bytes).
    Removing queue.o(.rev16_text), (4 bytes).
    Removing queue.o(.revsh_text), (4 bytes).
    Removing timers.o(.rev16_text), (4 bytes).
    Removing timers.o(.revsh_text), (4 bytes).
    Removing tasks.o(.rev16_text), (4 bytes).
    Removing tasks.o(.revsh_text), (4 bytes).
    Removing port.o(.rev16_text), (4 bytes).
    Removing port.o(.revsh_text), (4 bytes).
    Removing heap_2.o(.rev16_text), (4 bytes).
    Removing heap_2.o(.revsh_text), (4 bytes).
    Removing main.o(.rev16_text), (4 bytes).
    Removing main.o(.revsh_text), (4 bytes).
    Removing main.o(.bss), (138 bytes).
    Removing system_stm32f0xx.o(.rev16_text), (4 bytes).
    Removing system_stm32f0xx.o(.revsh_text), (4 bytes).
    Removing stm32f0xx_it.o(.rev16_text), (4 bytes).
    Removing stm32f0xx_it.o(.revsh_text), (4 bytes).
    Removing app.o(.rev16_text), (4 bytes).
    Removing app.o(.revsh_text), (4 bytes).
    Removing app.o(.bss), (138 bytes).
    Removing tx_framer.o(.rev16_text), (4 bytes).
    Removing tx_framer.o(.revsh_text), (4 bytes).
    Removing ledarray.o(.rev16_text), (4 bytes).
    Removing ledarray.o(.revsh_text), (4 bytes).
    Removing keypad_m.o(.rev16_text), (4 bytes).
    Removing keypad_m.o(.revsh_text), (4 bytes).
    Removing m24c02.o(.rev16_text), (4 bytes).
    Removing m24c02.o(.revsh_text), (4 bytes).
    Removing ledcombo.o(.rev16_text), (4 bytes).
    Removing ledcombo.o(.revsh_text), (4 bytes).
    Removing usart.o(.rev16_text), (4 bytes).
    Removing usart.o(.revsh_text), (4 bytes).
    Removing cmdparser.o(.rev16_text), (4 bytes).
    Removing cmdparser.o(.revsh_text), (4 bytes).
    Removing cmdparser.o(.bss), (124 bytes).
    Removing cmdparser.o(.data), (3 bytes).
    Removing controllerstatus.o(.bss), (124 bytes).
    Removing dadd.o(.text), (356 bytes).
    Removing dmul.o(.text), (208 bytes).
    Removing ddiv.o(.text), (240 bytes).
    Removing dfixul.o(.text), (64 bytes).
    Removing cdrcmple.o(.text), (40 bytes).
    Removing depilogue.o(.text), (190 bytes).
    Removing depilogue.o(i.__ARM_clz), (46 bytes).

63 unused section(s) (total 3407 bytes) removed from the image.

==============================================================================

Image Symbol Table

    Local Symbols

    Symbol Name                              Value     Ov Type        Size  Object(Section)

    ../clib/../cmprslib/zerorunl2.c          0x00000000   Number         0  __dczerorl2.o ABSOLUTE
    ../clib/microlib/division.c              0x00000000   Number         0  uldiv.o ABSOLUTE
    ../clib/microlib/division.c              0x00000000   Number         0  uidiv.o ABSOLUTE
    ../clib/microlib/init/entry.s            0x00000000   Number         0  entry7a.o ABSOLUTE
    ../clib/microlib/init/entry.s            0x00000000   Number         0  entry2.o ABSOLUTE
    ../clib/microlib/init/entry.s            0x00000000   Number         0  entry5.o ABSOLUTE
    ../clib/microlib/init/entry.s            0x00000000   Number         0  entry.o ABSOLUTE
    ../clib/microlib/init/entry.s            0x00000000   Number         0  entry7b.o ABSOLUTE
    ../clib/microlib/init/entry.s            0x00000000   Number         0  entry8a.o ABSOLUTE
    ../clib/microlib/init/entry.s            0x00000000   Number         0  entry8b.o ABSOLUTE
    ../clib/microlib/init/entry.s            0x00000000   Number         0  entry9a.o ABSOLUTE
    ../clib/microlib/init/entry.s            0x00000000   Number         0  entry9b.o ABSOLUTE
    ../clib/microlib/init/entry.s            0x00000000   Number         0  entry10a.o ABSOLUTE
    ../clib/microlib/init/entry.s            0x00000000   Number         0  entry10b.o ABSOLUTE
    ../clib/microlib/init/entry.s            0x00000000   Number         0  entry11a.o ABSOLUTE
    ../clib/microlib/init/entry.s            0x00000000   Number         0  entry11b.o ABSOLUTE
    ../clib/microlib/longlong.c              0x00000000   Number         0  llsshr.o ABSOLUTE
    ../clib/microlib/longlong.c              0x00000000   Number         0  llshl.o ABSOLUTE
    ../clib/microlib/longlong.c              0x00000000   Number         0  llushr.o ABSOLUTE
    ../clib/microlib/printf/printf.c         0x00000000   Number         0  printf7.o ABSOLUTE
    ../clib/microlib/printf/printf.c         0x00000000   Number         0  printfb.o ABSOLUTE
    ../clib/microlib/printf/printf.c         0x00000000   Number         0  printfa.o ABSOLUTE
    ../clib/microlib/printf/printf.c         0x00000000   Number         0  printf8.o ABSOLUTE
    ../clib/microlib/printf/printf.c         0x00000000   Number         0  printf1.o ABSOLUTE
    ../clib/microlib/printf/printf.c         0x00000000   Number         0  printf2.o ABSOLUTE
    ../clib/microlib/printf/printf.c         0x00000000   Number         0  printf3.o ABSOLUTE
    ../clib/microlib/printf/printf.c         0x00000000   Number         0  printf4.o ABSOLUTE
    ../clib/microlib/printf/printf.c         0x00000000   Number         0  printf5.o ABSOLUTE
    ../clib/microlib/printf/printf.c         0x00000000   Number         0  printf6.o ABSOLUTE
    ../clib/microlib/printf/printf.c         0x00000000   Number         0  printf0.o ABSOLUTE
    ../clib/microlib/printf/stubs.s          0x00000000   Number         0  stubs.o ABSOLUTE
    ../clib/microlib/stdio/streams.c         0x00000000   Number         0  stdout.o ABSOLUTE
    ../clib/microlib/string/memcpy.c         0x00000000   Number         0  memcpyb.o ABSOLUTE
    ../clib/microlib/string/memcpy.c         0x00000000   Number         0  memcpya.o ABSOLUTE
    ../clib/microlib/string/memset.c         0x00000000   Number         0  memseta.o ABSOLUTE
    ../clib/microlib/stubs.s                 0x00000000   Number         0  iusefp.o ABSOLUTE
    ../fplib/microlib/fpadd.c                0x00000000   Number         0  dadd.o ABSOLUTE
    ../fplib/microlib/fpdiv.c                0x00000000   Number         0  ddiv.o ABSOLUTE
    ../fplib/microlib/fpepilogue.c           0x00000000   Number         0  depilogue.o ABSOLUTE
    ../fplib/microlib/fpfix.c                0x00000000   Number         0  dfixul.o ABSOLUTE
    ../fplib/microlib/fpmul.c                0x00000000   Number         0  dmul.o ABSOLUTE
    ..\CMSIS\Device\ST\STM32F0xx\Source\Templates\arm\startup_stm32f030.s 0x00000000   Number         0  startup_stm32f030.o ABSOLUTE
    ..\Driver\Keypad_M.c                     0x00000000   Number         0  keypad_m.o ABSOLUTE
    ..\Driver\LedArray.c                     0x00000000   Number         0  ledarray.o ABSOLUTE
    ..\Driver\M24C02.c                       0x00000000   Number         0  m24c02.o ABSOLUTE
    ..\FreeRTOS\list.c                       0x00000000   Number         0  list.o ABSOLUTE
    ..\FreeRTOS\portable\MemMang\heap_2.c    0x00000000   Number         0  heap_2.o ABSOLUTE
    ..\FreeRTOS\portable\RVDS\ARM_CM0\port.c 0x00000000   Number         0  port.o ABSOLUTE
    ..\FreeRTOS\queue.c                      0x00000000   Number         0  queue.o ABSOLUTE
    ..\FreeRTOS\tasks.c                      0x00000000   Number         0  tasks.o ABSOLUTE
    ..\FreeRTOS\timers.c                     0x00000000   Number         0  timers.o ABSOLUTE
    ..\MiddleLayer\CMDParser.c               0x00000000   Number         0  cmdparser.o ABSOLUTE
    ..\MiddleLayer\ControllerStatus.c        0x00000000   Number         0  controllerstatus.o ABSOLUTE
    ..\MiddleLayer\LedCombo.c                0x00000000   Number         0  ledcombo.o ABSOLUTE
    ..\MiddleLayer\TX_Framer.c               0x00000000   Number         0  tx_framer.o ABSOLUTE
    ..\MiddleLayer\usart.c                   0x00000000   Number         0  usart.o ABSOLUTE
    ..\STM32F0xx_StdPeriph_Driver\src\stm32f0xx_adc.c 0x00000000   Number         0  stm32f0xx_adc.o ABSOLUTE
    ..\STM32F0xx_StdPeriph_Driver\src\stm32f0xx_gpio.c 0x00000000   Number         0  stm32f0xx_gpio.o ABSOLUTE
    ..\STM32F0xx_StdPeriph_Driver\src\stm32f0xx_misc.c 0x00000000   Number         0  stm32f0xx_misc.o ABSOLUTE
    ..\STM32F0xx_StdPeriph_Driver\src\stm32f0xx_rcc.c 0x00000000   Number         0  stm32f0xx_rcc.o ABSOLUTE
    ..\STM32F0xx_StdPeriph_Driver\src\stm32f0xx_syscfg.c 0x00000000   Number         0  stm32f0xx_syscfg.o ABSOLUTE
    ..\STM32F0xx_StdPeriph_Driver\src\stm32f0xx_tim.c 0x00000000   Number         0  stm32f0xx_tim.o ABSOLUTE
    ..\STM32F0xx_StdPeriph_Driver\src\stm32f0xx_usart.c 0x00000000   Number         0  stm32f0xx_usart.o ABSOLUTE
    ..\USER\app.c                            0x00000000   Number         0  app.o ABSOLUTE
    ..\USER\main.c                           0x00000000   Number         0  main.o ABSOLUTE
    ..\USER\stm32f0xx_it.c                   0x00000000   Number         0  stm32f0xx_it.o ABSOLUTE
    ..\USER\system_stm32f0xx.c               0x00000000   Number         0  system_stm32f0xx.o ABSOLUTE
    ..\\Driver\\Keypad_M.c                   0x00000000   Number         0  keypad_m.o ABSOLUTE
    ..\\Driver\\LedArray.c                   0x00000000   Number         0  ledarray.o ABSOLUTE
    ..\\Driver\\M24C02.c                     0x00000000   Number         0  m24c02.o ABSOLUTE
    ..\\FreeRTOS\\list.c                     0x00000000   Number         0  list.o ABSOLUTE
    ..\\FreeRTOS\\portable\\MemMang\\heap_2.c 0x00000000   Number         0  heap_2.o ABSOLUTE
    ..\\FreeRTOS\\portable\\RVDS\\ARM_CM0\\port.c 0x00000000   Number         0  port.o ABSOLUTE
    ..\\FreeRTOS\\queue.c                    0x00000000   Number         0  queue.o ABSOLUTE
    ..\\FreeRTOS\\tasks.c                    0x00000000   Number         0  tasks.o ABSOLUTE
    ..\\FreeRTOS\\timers.c                   0x00000000   Number         0  timers.o ABSOLUTE
    ..\\MiddleLayer\\CMDParser.c             0x00000000   Number         0  cmdparser.o ABSOLUTE
    ..\\MiddleLayer\\LedCombo.c              0x00000000   Number         0  ledcombo.o ABSOLUTE
    ..\\MiddleLayer\\TX_Framer.c             0x00000000   Number         0  tx_framer.o ABSOLUTE
    ..\\MiddleLayer\\usart.c                 0x00000000   Number         0  usart.o ABSOLUTE
    ..\\STM32F0xx_StdPeriph_Driver\\src\\stm32f0xx_adc.c 0x00000000   Number         0  stm32f0xx_adc.o ABSOLUTE
    ..\\STM32F0xx_StdPeriph_Driver\\src\\stm32f0xx_gpio.c 0x00000000   Number         0  stm32f0xx_gpio.o ABSOLUTE
    ..\\STM32F0xx_StdPeriph_Driver\\src\\stm32f0xx_misc.c 0x00000000   Number         0  stm32f0xx_misc.o ABSOLUTE
    ..\\STM32F0xx_StdPeriph_Driver\\src\\stm32f0xx_rcc.c 0x00000000   Number         0  stm32f0xx_rcc.o ABSOLUTE
    ..\\STM32F0xx_StdPeriph_Driver\\src\\stm32f0xx_syscfg.c 0x00000000   Number         0  stm32f0xx_syscfg.o ABSOLUTE
    ..\\STM32F0xx_StdPeriph_Driver\\src\\stm32f0xx_tim.c 0x00000000   Number         0  stm32f0xx_tim.o ABSOLUTE
    ..\\STM32F0xx_StdPeriph_Driver\\src\\stm32f0xx_usart.c 0x00000000   Number         0  stm32f0xx_usart.o ABSOLUTE
    ..\\USER\\app.c                          0x00000000   Number         0  app.o ABSOLUTE
    ..\\USER\\main.c                         0x00000000   Number         0  main.o ABSOLUTE
    ..\\USER\\stm32f0xx_it.c                 0x00000000   Number         0  stm32f0xx_it.o ABSOLUTE
    ..\\USER\\system_stm32f0xx.c             0x00000000   Number         0  system_stm32f0xx.o ABSOLUTE
    cdrcmple.s                               0x00000000   Number         0  cdrcmple.o ABSOLUTE
    dc.s                                     0x00000000   Number         0  dc.o ABSOLUTE
    handlers.s                               0x00000000   Number         0  handlers.o ABSOLUTE
    init.s                                   0x00000000   Number         0  init.o ABSOLUTE
    RESET                                    0x08000000   Section      180  startup_stm32f030.o(RESET)
    .ARM.Collect$$$$00000000                 0x080000b4   Section        0  entry.o(.ARM.Collect$$$$00000000)
    .ARM.Collect$$$$00000001                 0x080000b4   Section        4  entry2.o(.ARM.Collect$$$$00000001)
    .ARM.Collect$$$$00000004                 0x080000b8   Section        4  entry5.o(.ARM.Collect$$$$00000004)
    .ARM.Collect$$$$00000008                 0x080000bc   Section        0  entry7b.o(.ARM.Collect$$$$00000008)
    .ARM.Collect$$$$0000000A                 0x080000bc   Section        0  entry8b.o(.ARM.Collect$$$$0000000A)
    .ARM.Collect$$$$0000000B                 0x080000bc   Section        8  entry9a.o(.ARM.Collect$$$$0000000B)
    .ARM.Collect$$$$0000000D                 0x080000c4   Section        0  entry10a.o(.ARM.Collect$$$$0000000D)
    .ARM.Collect$$$$0000000F                 0x080000c4   Section        0  entry11a.o(.ARM.Collect$$$$0000000F)
    .ARM.Collect$$$$00002712                 0x080000c4   Section        4  entry2.o(.ARM.Collect$$$$00002712)
    __lit__00000000                          0x080000c4   Data           4  entry2.o(.ARM.Collect$$$$00002712)
    .emb_text                                0x080000c8   Section      112  port.o(.emb_text)
    .text                                    0x08000138   Section       88  startup_stm32f030.o(.text)
    .text                                    0x08000190   Section        0  stm32f0xx_gpio.o(.text)
    .text                                    0x0800039c   Section        0  stm32f0xx_rcc.o(.text)
    .text                                    0x08000aec   Section        0  stm32f0xx_usart.o(.text)
    .text                                    0x08001100   Section        0  stm32f0xx_misc.o(.text)
    .text                                    0x080011b4   Section        0  stm32f0xx_tim.o(.text)
    TI4_Config                               0x0800191d   Thumb Code    66  stm32f0xx_tim.o(.text)
    TI3_Config                               0x08001971   Thumb Code    66  stm32f0xx_tim.o(.text)
    TI2_Config                               0x08001a01   Thumb Code    66  stm32f0xx_tim.o(.text)
    TI1_Config                               0x08001a55   Thumb Code    54  stm32f0xx_tim.o(.text)
    .text                                    0x08001db4   Section        0  list.o(.text)
    .text                                    0x08001e4c   Section        0  queue.o(.text)
    prvUnlockQueue                           0x08001f27   Thumb Code   138  queue.o(.text)
    prvIsQueueFull                           0x08001fb1   Thumb Code    30  queue.o(.text)
    prvCopyDataToQueue                       0x08001fcf   Thumb Code   126  queue.o(.text)
    prvIsQueueEmpty                          0x08002205   Thumb Code    28  queue.o(.text)
    prvCopyDataFromQueue                     0x08002221   Thumb Code    44  queue.o(.text)
    .text                                    0x08002714   Section        0  timers.o(.text)
    prvInsertTimerInActiveList               0x08002715   Thumb Code    76  timers.o(.text)
    prvSwitchTimerLists                      0x080027c5   Thumb Code   134  timers.o(.text)
    prvSampleTimeNow                         0x0800284b   Thumb Code    44  timers.o(.text)
    prvProcessReceivedCommands               0x08002877   Thumb Code   204  timers.o(.text)
    prvProcessExpiredTimer                   0x08002943   Thumb Code    82  timers.o(.text)
    prvProcessTimerOrBlockTask               0x08002995   Thumb Code    76  timers.o(.text)
    prvGetNextExpireTime                     0x080029e1   Thumb Code    40  timers.o(.text)
    prvTimerTask                             0x08002a09   Thumb Code    26  timers.o(.text)
    prvCheckForValidListAndQueue             0x08002a23   Thumb Code    58  timers.o(.text)
    .text                                    0x08002b38   Section        0  tasks.o(.text)
    prvInitialiseTaskLists                   0x08002b39   Thumb Code    68  tasks.o(.text)
    prvInitialiseTCBVariables                0x08002b7d   Thumb Code    78  tasks.o(.text)
    prvAllocateTCBAndStack                   0x08002bcb   Thumb Code    64  tasks.o(.text)
    prvAddCurrentTaskToDelayedList           0x08002fd9   Thumb Code    62  tasks.o(.text)
    prvDeleteTCB                             0x08003425   Thumb Code    18  tasks.o(.text)
    prvCheckTasksWaitingTermination          0x08003437   Thumb Code    90  tasks.o(.text)
    prvIdleTask                              0x08003491   Thumb Code    20  tasks.o(.text)
    prvTaskCheckFreeStackSpace               0x0800352b   Thumb Code    22  tasks.o(.text)
    prvListTaskWithinSingleList              0x08003541   Thumb Code   156  tasks.o(.text)
    .text                                    0x0800392c   Section        0  port.o(.text)
    prvTaskExitError                         0x0800392d   Thumb Code    32  port.o(.text)
    prvSetupTimerInterrupt                   0x08003969   Thumb Code    26  port.o(.text)
    .text                                    0x08003a28   Section        0  heap_2.o(.text)
    prvHeapInit                              0x08003a29   Thumb Code    38  heap_2.o(.text)
    .text                                    0x08003b50   Section        0  main.o(.text)
    NVIC_SetPriority                         0x08003cf3   Thumb Code   110  main.o(.text)
    .text                                    0x08003e40   Section        0  system_stm32f0xx.o(.text)
    SetSysClock                              0x08003e41   Thumb Code   126  system_stm32f0xx.o(.text)
    .text                                    0x08003fe8   Section        0  stm32f0xx_it.o(.text)
    .text                                    0x08003ff0   Section        0  app.o(.text)
    .text                                    0x08004100   Section        0  tx_framer.o(.text)
    .text                                    0x0800426c   Section        0  ledarray.o(.text)
    TIM_Config                               0x0800427b   Thumb Code   184  ledarray.o(.text)
    LedArray_GPIOConfig                      0x08004333   Thumb Code   208  ledarray.o(.text)
    LedArray_GetLight                        0x08004505   Thumb Code     6  ledarray.o(.text)
    LedArray_Disable                         0x08004523   Thumb Code     8  ledarray.o(.text)
    .text                                    0x08004614   Section        0  keypad_m.o(.text)
    Keypad_GPIOConfig                        0x08004615   Thumb Code   148  keypad_m.o(.text)
    Keypad_ScanKey                           0x080046b3   Thumb Code    72  keypad_m.o(.text)
    .text                                    0x08004838   Section        0  m24c02.o(.text)
    M24C02_Start                             0x080048c1   Thumb Code    52  m24c02.o(.text)
    M24C02_Stop                              0x080048f5   Thumb Code    52  m24c02.o(.text)
    M24C02_Wait_ACK                          0x08004929   Thumb Code    78  m24c02.o(.text)
    M24C02_Ack                               0x08004977   Thumb Code    52  m24c02.o(.text)
    M24C02_NAck                              0x080049ab   Thumb Code    52  m24c02.o(.text)
    M24C02_Send_Byte                         0x080049df   Thumb Code    94  m24c02.o(.text)
    M24C02_Read_Byte                         0x08004a3d   Thumb Code    86  m24c02.o(.text)
    M24C02_WriteLenByte                      0x08004b0d   Thumb Code    32  m24c02.o(.text)
    M24C02_ReadLenByte                       0x08004b2d   Thumb Code    32  m24c02.o(.text)
    .text                                    0x08004b90   Section        0  ledcombo.o(.text)
    LEDCombo_SetupColor                      0x08004c15   Thumb Code   212  ledcombo.o(.text)
    LEDCombo_RestoreDefault                  0x08004d33   Thumb Code    36  ledcombo.o(.text)
    .text                                    0x08004e98   Section        0  usart.o(.text)
    USART1_Set_RTS_RX                        0x08004e99   Thumb Code    14  usart.o(.text)
    USART1_Set_RTS_TX                        0x08004f87   Thumb Code    14  usart.o(.text)
    .text                                    0x080051ec   Section        0  cmdparser.o(.text)
    CMDParser_UnPack_ALR_Right               0x080051ed   Thumb Code    58  cmdparser.o(.text)
    CMDParser_UnPack_ALR_Mid                 0x08005227   Thumb Code    58  cmdparser.o(.text)
    CMDParser_UnPack_ALR_Left                0x08005261   Thumb Code    58  cmdparser.o(.text)
    CMDParser_UnPack_ALR                     0x0800529b   Thumb Code    84  cmdparser.o(.text)
    CMDParser_UnPack_MODE                    0x080052ef   Thumb Code    30  cmdparser.o(.text)
    CMDParser_UnPack_SYNC                    0x0800530d   Thumb Code   390  cmdparser.o(.text)
    CMDParser_GetOriginalChecksum            0x08005493   Thumb Code    76  cmdparser.o(.text)
    CMDParser_VerifyCheckSum                 0x080054df   Thumb Code    52  cmdparser.o(.text)
    .text                                    0x08005614   Section        0  controllerstatus.o(.text)
    Status_SetLED                            0x08005615   Thumb Code    50  controllerstatus.o(.text)
    .text                                    0x0800572c   Section        0  uidiv.o(.text)
    .text                                    0x08005758   Section        0  memcpya.o(.text)
    .text                                    0x0800577c   Section        0  memseta.o(.text)
    .text                                    0x080057a0   Section       36  init.o(.text)
    .text                                    0x080057c4   Section        0  __dczerorl2.o(.text)
    i.__0printf$0                            0x0800581c   Section        0  printf0.o(i.__0printf$0)
    i.__ARM_common_switch8                   0x08005830   Section        0  keypad_m.o(i.__ARM_common_switch8)
    i.__scatterload_copy                     0x0800584c   Section       14  handlers.o(i.__scatterload_copy)
    i.__scatterload_null                     0x0800585a   Section        2  handlers.o(i.__scatterload_null)
    i.__scatterload_zeroinit                 0x0800585c   Section       14  handlers.o(i.__scatterload_zeroinit)
    i._printf_core                           0x0800586a   Section        0  printf0.o(i._printf_core)
    _printf_core                             0x0800586b   Thumb Code    30  printf0.o(i._printf_core)
    .data                                    0x20000000   Section       16  stm32f0xx_rcc.o(.data)
    APBAHBPrescTable                         0x20000000   Data          16  stm32f0xx_rcc.o(.data)
    .data                                    0x20000010   Section       16  timers.o(.data)
    pxCurrentTimerList                       0x20000010   Data           4  timers.o(.data)
    pxOverflowTimerList                      0x20000014   Data           4  timers.o(.data)
    xTimerQueue                              0x20000018   Data           4  timers.o(.data)
    xLastTime                                0x2000001c   Data           4  timers.o(.data)
    .data                                    0x20000020   Section       56  tasks.o(.data)
    pxDelayedTaskList                        0x20000024   Data           4  tasks.o(.data)
    pxOverflowDelayedTaskList                0x20000028   Data           4  tasks.o(.data)
    uxTasksDeleted                           0x2000002c   Data           4  tasks.o(.data)
    uxCurrentNumberOfTasks                   0x20000030   Data           4  tasks.o(.data)
    xTickCount                               0x20000034   Data           4  tasks.o(.data)
    uxTopReadyPriority                       0x20000038   Data           4  tasks.o(.data)
    xSchedulerRunning                        0x2000003c   Data           4  tasks.o(.data)
    uxSchedulerSuspended                     0x20000040   Data           4  tasks.o(.data)
    uxPendedTicks                            0x20000044   Data           4  tasks.o(.data)
    xYieldPending                            0x20000048   Data           4  tasks.o(.data)
    xNumOfOverflows                          0x2000004c   Data           4  tasks.o(.data)
    uxTaskNumber                             0x20000050   Data           4  tasks.o(.data)
    xNextTaskUnblockTime                     0x20000054   Data           4  tasks.o(.data)
    .data                                    0x20000058   Section        4  port.o(.data)
    uxCriticalNesting                        0x20000058   Data           4  port.o(.data)
    .data                                    0x2000005c   Section       24  heap_2.o(.data)
    xStart                                   0x2000005c   Data           8  heap_2.o(.data)
    xEnd                                     0x20000064   Data           8  heap_2.o(.data)
    xFreeBytesRemaining                      0x2000006c   Data           4  heap_2.o(.data)
    xHeapHasBeenInitialised                  0x20000070   Data           4  heap_2.o(.data)
    .data                                    0x20000074   Section       33  main.o(.data)
    LEDCombo_REDVector                       0x20000074   Data           1  main.o(.data)
    LEDCombo_GREENVector                     0x20000075   Data           1  main.o(.data)
    LEDCombo_BlueVector                      0x20000076   Data           1  main.o(.data)
    Keypad_IsValid                           0x20000077   Data           1  main.o(.data)
    Keypad_KeyVal                            0x20000078   Data           1  main.o(.data)
    Max_Count                                0x20000088   Data           4  main.o(.data)
    Sync_Count                               0x2000008c   Data           4  main.o(.data)
    COM1_LED_Counter                         0x20000090   Data           4  main.o(.data)
    COM1_LED_ON                              0x20000094   Data           1  main.o(.data)
    .data                                    0x20000098   Section       20  system_stm32f0xx.o(.data)
    .data                                    0x200000ac   Section        7  app.o(.data)
    LEDCombo_REDVector                       0x200000ac   Data           1  app.o(.data)
    LEDCombo_GREENVector                     0x200000ad   Data           1  app.o(.data)
    LEDCombo_BlueVector                      0x200000ae   Data           1  app.o(.data)
    Keypad_IsValid                           0x200000af   Data           1  app.o(.data)
    Keypad_KeyVal                            0x200000b0   Data           1  app.o(.data)
    level                                    0x200000b1   Data           1  app.o(.data)
    .data                                    0x200000b4   Section        9  ledarray.o(.data)
    LedArray_LightLevel                      0x200000b4   Data           4  ledarray.o(.data)
    i                                        0x200000bc   Data           1  ledarray.o(.data)
    .data                                    0x200000be   Section       20  keypad_m.o(.data)
    Keypad_KeyVal                            0x200000be   Data           1  keypad_m.o(.data)
    Keypad_IsValid                           0x200000bf   Data           1  keypad_m.o(.data)
    Keypad_Logic                             0x200000c0   Data          14  keypad_m.o(.data)
    Keypad_ReadKey_Status                    0x200000ce   Data           1  keypad_m.o(.data)
    KeyNum                                   0x200000cf   Data           1  keypad_m.o(.data)
    KeyNum_ForUp                             0x200000d0   Data           1  keypad_m.o(.data)
    Old_Key                                  0x200000d1   Data           1  keypad_m.o(.data)
    .data                                    0x200000d4   Section       68  ledcombo.o(.data)
    LEDCombo_BlueVector                      0x200000d4   Data           1  ledcombo.o(.data)
    LedArray_LightLevel                      0x200000d8   Data           4  ledcombo.o(.data)
    LEDCombo_REDVector                       0x200000dc   Data           1  ledcombo.o(.data)
    LEDCombo_GREENVector                     0x200000dd   Data           1  ledcombo.o(.data)
    LEDCombo_BLUEVector                      0x200000de   Data           1  ledcombo.o(.data)
    LEDCombo_Layout                          0x200000df   Data          36  ledcombo.o(.data)
    LEDCombo_ColorConfig                     0x20000103   Data          12  ledcombo.o(.data)
    LEDCombo_Is_BlinkOn                      0x20000110   Data           1  ledcombo.o(.data)
    counter                                  0x20000114   Data           4  ledcombo.o(.data)
    .data                                    0x20000118   Section       16  usart.o(.data)
    USART1_RX_STA                            0x20000118   Data           4  usart.o(.data)
    USART1_RX_Frame_Start                    0x2000011c   Data           1  usart.o(.data)
    USART1_RX_Busy                           0x2000011d   Data           1  usart.o(.data)
    .data                                    0x20000128   Section       16  controllerstatus.o(.data)
    LEDCombo_REDVector                       0x20000128   Data           1  controllerstatus.o(.data)
    LEDCombo_GREENVector                     0x20000129   Data           1  controllerstatus.o(.data)
    LEDCombo_BlueVector                      0x2000012a   Data           1  controllerstatus.o(.data)
    .data                                    0x20000138   Section        4  stdout.o(.data)
    .bss                                     0x2000013c   Section       64  queue.o(.bss)
    .bss                                     0x2000017c   Section       40  timers.o(.bss)
    xActiveTimerList1                        0x2000017c   Data          20  timers.o(.bss)
    xActiveTimerList2                        0x20000190   Data          20  timers.o(.bss)
    .bss                                     0x200001a4   Section      200  tasks.o(.bss)
    pxReadyTasksLists                        0x200001a4   Data         100  tasks.o(.bss)
    xDelayedTaskList1                        0x20000208   Data          20  tasks.o(.bss)
    xDelayedTaskList2                        0x2000021c   Data          20  tasks.o(.bss)
    xPendingReadyList                        0x20000230   Data          20  tasks.o(.bss)
    xTasksWaitingTermination                 0x20000244   Data          20  tasks.o(.bss)
    xSuspendedTaskList                       0x20000258   Data          20  tasks.o(.bss)
    .bss                                     0x2000026c   Section     4096  heap_2.o(.bss)
    ucHeap                                   0x2000026c   Data        4096  heap_2.o(.bss)
    .bss                                     0x2000126c   Section       15  tx_framer.o(.bss)
    TXFramer_Str                             0x2000126c   Data          15  tx_framer.o(.bss)
    .bss                                     0x2000127b   Section       76  ledcombo.o(.bss)
    LEDCombo_ColorName                       0x2000127b   Data          40  ledcombo.o(.bss)
    LEDCombo_OnStatus_BackUp                 0x200012a3   Data          12  ledcombo.o(.bss)
    LEDCombo_IsBlink                         0x200012af   Data          12  ledcombo.o(.bss)
    LEDCombo_OnStatus                        0x200012bb   Data          12  ledcombo.o(.bss)
    .bss                                     0x200012c7   Section       50  usart.o(.bss)
    STACK                                    0x20001300   Section     1024  startup_stm32f030.o(STACK)

    Global Symbols

    Symbol Name                              Value     Ov Type        Size  Object(Section)

    BuildAttributes$$THM_ISAv3M$S$PE$A:L22$X:L11$S22$IEEE1$IW$USESV6$~STKCKD$USESV7$~SHL$OSPACE$ROPI$EBA8$MICROLIB$REQ8$PRES8$EABIv2 0x00000000   Number         0  anon$$obj.o ABSOLUTE
    __ARM_use_no_argv                        0x00000000   Number         0  main.o ABSOLUTE
    _printf_a                                0x00000000   Number         0  stubs.o ABSOLUTE
    _printf_c                                0x00000000   Number         0  stubs.o ABSOLUTE
    _printf_charcount                        0x00000000   Number         0  stubs.o ABSOLUTE
    _printf_d                                0x00000000   Number         0  stubs.o ABSOLUTE
    _printf_e                                0x00000000   Number         0  stubs.o ABSOLUTE
    _printf_f                                0x00000000   Number         0  stubs.o ABSOLUTE
    _printf_flags                            0x00000000   Number         0  stubs.o ABSOLUTE
    _printf_fp_dec                           0x00000000   Number         0  stubs.o ABSOLUTE
    _printf_fp_hex                           0x00000000   Number         0  stubs.o ABSOLUTE
    _printf_g                                0x00000000   Number         0  stubs.o ABSOLUTE
    _printf_i                                0x00000000   Number         0  stubs.o ABSOLUTE
    _printf_int_dec                          0x00000000   Number         0  stubs.o ABSOLUTE
    _printf_l                                0x00000000   Number         0  stubs.o ABSOLUTE
    _printf_lc                               0x00000000   Number         0  stubs.o ABSOLUTE
    _printf_ll                               0x00000000   Number         0  stubs.o ABSOLUTE
    _printf_lld                              0x00000000   Number         0  stubs.o ABSOLUTE
    _printf_lli                              0x00000000   Number         0  stubs.o ABSOLUTE
    _printf_llo                              0x00000000   Number         0  stubs.o ABSOLUTE
    _printf_llu                              0x00000000   Number         0  stubs.o ABSOLUTE
    _printf_llx                              0x00000000   Number         0  stubs.o ABSOLUTE
    _printf_longlong_dec                     0x00000000   Number         0  stubs.o ABSOLUTE
    _printf_longlong_hex                     0x00000000   Number         0  stubs.o ABSOLUTE
    _printf_longlong_oct                     0x00000000   Number         0  stubs.o ABSOLUTE
    _printf_ls                               0x00000000   Number         0  stubs.o ABSOLUTE
    _printf_mbtowc                           0x00000000   Number         0  stubs.o ABSOLUTE
    _printf_n                                0x00000000   Number         0  stubs.o ABSOLUTE
    _printf_o                                0x00000000   Number         0  stubs.o ABSOLUTE
    _printf_p                                0x00000000   Number         0  stubs.o ABSOLUTE
    _printf_percent                          0x00000000   Number         0  stubs.o ABSOLUTE
    _printf_pre_padding                      0x00000000   Number         0  stubs.o ABSOLUTE
    _printf_return_value                     0x00000000   Number         0  stubs.o ABSOLUTE
    _printf_s                                0x00000000   Number         0  stubs.o ABSOLUTE
    _printf_sizespec                         0x00000000   Number         0  stubs.o ABSOLUTE
    _printf_str                              0x00000000   Number         0  stubs.o ABSOLUTE
    _printf_truncate_signed                  0x00000000   Number         0  stubs.o ABSOLUTE
    _printf_truncate_unsigned                0x00000000   Number         0  stubs.o ABSOLUTE
    _printf_u                                0x00000000   Number         0  stubs.o ABSOLUTE
    _printf_wc                               0x00000000   Number         0  stubs.o ABSOLUTE
    _printf_wctomb                           0x00000000   Number         0  stubs.o ABSOLUTE
    _printf_widthprec                        0x00000000   Number         0  stubs.o ABSOLUTE
    _printf_x                                0x00000000   Number         0  stubs.o ABSOLUTE
    __cpp_initialize__aeabi_                  - Undefined Weak Reference
    __cxa_finalize                            - Undefined Weak Reference
    _clock_init                               - Undefined Weak Reference
    _microlib_exit                            - Undefined Weak Reference
    __Vectors_Size                           0x000000b4   Number         0  startup_stm32f030.o ABSOLUTE
    __Vectors                                0x08000000   Data           4  startup_stm32f030.o(RESET)
    __Vectors_End                            0x080000b4   Data           0  startup_stm32f030.o(RESET)
    __main                                   0x080000b5   Thumb Code     0  entry.o(.ARM.Collect$$$$00000000)
    _main_stk                                0x080000b5   Thumb Code     0  entry2.o(.ARM.Collect$$$$00000001)
    _main_scatterload                        0x080000b9   Thumb Code     0  entry5.o(.ARM.Collect$$$$00000004)
    __main_after_scatterload                 0x080000bd   Thumb Code     0  entry5.o(.ARM.Collect$$$$00000004)
    _main_clock                              0x080000bd   Thumb Code     0  entry7b.o(.ARM.Collect$$$$00000008)
    _main_cpp_init                           0x080000bd   Thumb Code     0  entry8b.o(.ARM.Collect$$$$0000000A)
    _main_init                               0x080000bd   Thumb Code     0  entry9a.o(.ARM.Collect$$$$0000000B)
    __rt_final_cpp                           0x080000c5   Thumb Code     0  entry10a.o(.ARM.Collect$$$$0000000D)
    __rt_final_exit                          0x080000c5   Thumb Code     0  entry11a.o(.ARM.Collect$$$$0000000F)
    __asm___6_port_c_39a90d8d__prvPortStartFirstTask 0x080000c9   Thumb Code    28  port.o(.emb_text)
    ulSetInterruptMaskFromISR                0x080000e9   Thumb Code     8  port.o(.emb_text)
    vClearInterruptMaskFromISR               0x080000f1   Thumb Code     6  port.o(.emb_text)
    PendSV_Handler                           0x080000f7   Thumb Code    62  port.o(.emb_text)
    Reset_Handler                            0x08000139   Thumb Code    38  startup_stm32f030.o(.text)
    ADC1_IRQHandler                          0x08000169   Thumb Code     0  startup_stm32f030.o(.text)
    DMA1_Channel1_IRQHandler                 0x08000169   Thumb Code     0  startup_stm32f030.o(.text)
    DMA1_Channel2_3_IRQHandler               0x08000169   Thumb Code     0  startup_stm32f030.o(.text)
    DMA1_Channel4_5_IRQHandler               0x08000169   Thumb Code     0  startup_stm32f030.o(.text)
    EXTI0_1_IRQHandler                       0x08000169   Thumb Code     0  startup_stm32f030.o(.text)
    EXTI2_3_IRQHandler                       0x08000169   Thumb Code     0  startup_stm32f030.o(.text)
    EXTI4_15_IRQHandler                      0x08000169   Thumb Code     0  startup_stm32f030.o(.text)
    FLASH_IRQHandler                         0x08000169   Thumb Code     0  startup_stm32f030.o(.text)
    I2C1_IRQHandler                          0x08000169   Thumb Code     0  startup_stm32f030.o(.text)
    I2C2_IRQHandler                          0x08000169   Thumb Code     0  startup_stm32f030.o(.text)
    RCC_IRQHandler                           0x08000169   Thumb Code     0  startup_stm32f030.o(.text)
    RTC_IRQHandler                           0x08000169   Thumb Code     0  startup_stm32f030.o(.text)
    SPI1_IRQHandler                          0x08000169   Thumb Code     0  startup_stm32f030.o(.text)
    SPI2_IRQHandler                          0x08000169   Thumb Code     0  startup_stm32f030.o(.text)
    TIM14_IRQHandler                         0x08000169   Thumb Code     0  startup_stm32f030.o(.text)
    TIM15_IRQHandler                         0x08000169   Thumb Code     0  startup_stm32f030.o(.text)
    TIM16_IRQHandler                         0x08000169   Thumb Code     0  startup_stm32f030.o(.text)
    TIM17_IRQHandler                         0x08000169   Thumb Code     0  startup_stm32f030.o(.text)
    TIM1_BRK_UP_TRG_COM_IRQHandler           0x08000169   Thumb Code     0  startup_stm32f030.o(.text)
    TIM1_CC_IRQHandler                       0x08000169   Thumb Code     0  startup_stm32f030.o(.text)
    TIM3_IRQHandler                          0x08000169   Thumb Code     0  startup_stm32f030.o(.text)
    USART2_IRQHandler                        0x08000169   Thumb Code     0  startup_stm32f030.o(.text)
    WWDG_IRQHandler                          0x08000169   Thumb Code     0  startup_stm32f030.o(.text)
    GPIO_DeInit                              0x08000191   Thumb Code   156  stm32f0xx_gpio.o(.text)
    GPIO_Init                                0x0800022d   Thumb Code   144  stm32f0xx_gpio.o(.text)
    GPIO_StructInit                          0x080002bd   Thumb Code    20  stm32f0xx_gpio.o(.text)
    GPIO_PinLockConfig                       0x080002d1   Thumb Code    34  stm32f0xx_gpio.o(.text)
    GPIO_ReadInputDataBit                    0x080002f3   Thumb Code    20  stm32f0xx_gpio.o(.text)
    GPIO_ReadInputData                       0x08000307   Thumb Code     6  stm32f0xx_gpio.o(.text)
    GPIO_ReadOutputDataBit                   0x0800030d   Thumb Code    20  stm32f0xx_gpio.o(.text)
    GPIO_ReadOutputData                      0x08000321   Thumb Code     6  stm32f0xx_gpio.o(.text)
    GPIO_SetBits                             0x08000327   Thumb Code     4  stm32f0xx_gpio.o(.text)
    GPIO_ResetBits                           0x0800032b   Thumb Code     4  stm32f0xx_gpio.o(.text)
    GPIO_WriteBit                            0x0800032f   Thumb Code    12  stm32f0xx_gpio.o(.text)
    GPIO_Write                               0x0800033b   Thumb Code     4  stm32f0xx_gpio.o(.text)
    GPIO_PinAFConfig                         0x0800033f   Thumb Code    68  stm32f0xx_gpio.o(.text)
    RCC_DeInit                               0x0800039d   Thumb Code   102  stm32f0xx_rcc.o(.text)
    RCC_HSEConfig                            0x08000403   Thumb Code    12  stm32f0xx_rcc.o(.text)
    RCC_GetFlagStatus                        0x0800040f   Thumb Code    68  stm32f0xx_rcc.o(.text)
    RCC_WaitForHSEStartUp                    0x08000453   Thumb Code    60  stm32f0xx_rcc.o(.text)
    RCC_AdjustHSICalibrationValue            0x0800048f   Thumb Code    26  stm32f0xx_rcc.o(.text)
    RCC_HSICmd                               0x080004a9   Thumb Code    32  stm32f0xx_rcc.o(.text)
    RCC_AdjustHSI14CalibrationValue          0x080004c9   Thumb Code    26  stm32f0xx_rcc.o(.text)
    RCC_HSI14Cmd                             0x080004e3   Thumb Code    32  stm32f0xx_rcc.o(.text)
    RCC_HSI14ADCRequestCmd                   0x08000503   Thumb Code    32  stm32f0xx_rcc.o(.text)
    RCC_LSEConfig                            0x08000523   Thumb Code    34  stm32f0xx_rcc.o(.text)
    RCC_LSEDriveConfig                       0x08000545   Thumb Code    22  stm32f0xx_rcc.o(.text)
    RCC_LSICmd                               0x0800055b   Thumb Code    32  stm32f0xx_rcc.o(.text)
    RCC_PLLConfig                            0x0800057b   Thumb Code    30  stm32f0xx_rcc.o(.text)
    RCC_PLLCmd                               0x08000599   Thumb Code    36  stm32f0xx_rcc.o(.text)
    RCC_HSI48Cmd                             0x080005bd   Thumb Code    36  stm32f0xx_rcc.o(.text)
    RCC_PREDIV1Config                        0x080005e1   Thumb Code    24  stm32f0xx_rcc.o(.text)
    RCC_ClockSecuritySystemCmd               0x080005f9   Thumb Code    36  stm32f0xx_rcc.o(.text)
    RCC_MCOConfig                            0x0800061d   Thumb Code    24  stm32f0xx_rcc.o(.text)
    RCC_SYSCLKConfig                         0x08000635   Thumb Code    24  stm32f0xx_rcc.o(.text)
    RCC_GetSYSCLKSource                      0x0800064d   Thumb Code    10  stm32f0xx_rcc.o(.text)
    RCC_HCLKConfig                           0x08000657   Thumb Code    28  stm32f0xx_rcc.o(.text)
    RCC_PCLKConfig                           0x08000673   Thumb Code    30  stm32f0xx_rcc.o(.text)
    RCC_ADCCLKConfig                         0x08000691   Thumb Code    52  stm32f0xx_rcc.o(.text)
    RCC_CECCLKConfig                         0x080006c5   Thumb Code    22  stm32f0xx_rcc.o(.text)
    RCC_I2CCLKConfig                         0x080006db   Thumb Code    22  stm32f0xx_rcc.o(.text)
    RCC_USARTCLKConfig                       0x080006f1   Thumb Code    68  stm32f0xx_rcc.o(.text)
    RCC_USBCLKConfig                         0x08000735   Thumb Code    22  stm32f0xx_rcc.o(.text)
    RCC_GetClocksFreq                        0x0800074b   Thumb Code   576  stm32f0xx_rcc.o(.text)
    RCC_RTCCLKConfig                         0x0800098b   Thumb Code    12  stm32f0xx_rcc.o(.text)
    RCC_RTCCLKCmd                            0x08000997   Thumb Code    36  stm32f0xx_rcc.o(.text)
    RCC_BackupResetCmd                       0x080009bb   Thumb Code    36  stm32f0xx_rcc.o(.text)
    RCC_AHBPeriphClockCmd                    0x080009df   Thumb Code    28  stm32f0xx_rcc.o(.text)
    RCC_APB2PeriphClockCmd                   0x080009fb   Thumb Code    28  stm32f0xx_rcc.o(.text)
    RCC_APB1PeriphClockCmd                   0x08000a17   Thumb Code    28  stm32f0xx_rcc.o(.text)
    RCC_AHBPeriphResetCmd                    0x08000a33   Thumb Code    28  stm32f0xx_rcc.o(.text)
    RCC_APB2PeriphResetCmd                   0x08000a4f   Thumb Code    28  stm32f0xx_rcc.o(.text)
    RCC_APB1PeriphResetCmd                   0x08000a6b   Thumb Code    28  stm32f0xx_rcc.o(.text)
    RCC_ITConfig                             0x08000a87   Thumb Code    28  stm32f0xx_rcc.o(.text)
    RCC_ClearFlag                            0x08000aa3   Thumb Code    16  stm32f0xx_rcc.o(.text)
    RCC_GetITStatus                          0x08000ab3   Thumb Code    22  stm32f0xx_rcc.o(.text)
    RCC_ClearITPendingBit                    0x08000ac9   Thumb Code     6  stm32f0xx_rcc.o(.text)
    USART_DeInit                             0x08000aed   Thumb Code   206  stm32f0xx_usart.o(.text)
    USART_Init                               0x08000bbb   Thumb Code   226  stm32f0xx_usart.o(.text)
    USART_StructInit                         0x08000c9d   Thumb Code    24  stm32f0xx_usart.o(.text)
    USART_ClockInit                          0x08000cb5   Thumb Code    36  stm32f0xx_usart.o(.text)
    USART_ClockStructInit                    0x08000cd9   Thumb Code    12  stm32f0xx_usart.o(.text)
    USART_Cmd                                0x08000ce5   Thumb Code    24  stm32f0xx_usart.o(.text)
    USART_DirectionModeCmd                   0x08000cfd   Thumb Code    20  stm32f0xx_usart.o(.text)
    USART_OverSampling8Cmd                   0x08000d11   Thumb Code    28  stm32f0xx_usart.o(.text)
    USART_OneBitMethodCmd                    0x08000d2d   Thumb Code    28  stm32f0xx_usart.o(.text)
    USART_MSBFirstCmd                        0x08000d49   Thumb Code    28  stm32f0xx_usart.o(.text)
    USART_DataInvCmd                         0x08000d65   Thumb Code    28  stm32f0xx_usart.o(.text)
    USART_InvPinCmd                          0x08000d81   Thumb Code    20  stm32f0xx_usart.o(.text)
    USART_SWAPPinCmd                         0x08000d95   Thumb Code    28  stm32f0xx_usart.o(.text)
    USART_ReceiverTimeOutCmd                 0x08000db1   Thumb Code    28  stm32f0xx_usart.o(.text)
    USART_SetReceiverTimeOut                 0x08000dcd   Thumb Code    16  stm32f0xx_usart.o(.text)
    USART_SetPrescaler                       0x08000ddd   Thumb Code    18  stm32f0xx_usart.o(.text)
    USART_STOPModeCmd                        0x08000def   Thumb Code    24  stm32f0xx_usart.o(.text)
    USART_StopModeWakeUpSourceConfig         0x08000e07   Thumb Code    18  stm32f0xx_usart.o(.text)
    USART_AutoBaudRateCmd                    0x08000e19   Thumb Code    28  stm32f0xx_usart.o(.text)
    USART_AutoBaudRateConfig                 0x08000e35   Thumb Code    18  stm32f0xx_usart.o(.text)
    USART_SendData                           0x08000e47   Thumb Code     8  stm32f0xx_usart.o(.text)
    USART_ReceiveData                        0x08000e4f   Thumb Code    10  stm32f0xx_usart.o(.text)
    USART_SetAddress                         0x08000e59   Thumb Code    18  stm32f0xx_usart.o(.text)
    USART_MuteModeCmd                        0x08000e6b   Thumb Code    28  stm32f0xx_usart.o(.text)
    USART_MuteModeWakeUpConfig               0x08000e87   Thumb Code    18  stm32f0xx_usart.o(.text)
    USART_AddressDetectionConfig             0x08000e99   Thumb Code    16  stm32f0xx_usart.o(.text)
    USART_LINBreakDetectLengthConfig         0x08000ea9   Thumb Code    16  stm32f0xx_usart.o(.text)
    USART_LINCmd                             0x08000eb9   Thumb Code    68  stm32f0xx_usart.o(.text)
    USART_HalfDuplexCmd                      0x08000efd   Thumb Code    24  stm32f0xx_usart.o(.text)
    USART_SetGuardTime                       0x08000f15   Thumb Code    16  stm32f0xx_usart.o(.text)
    USART_SmartCardCmd                       0x08000f25   Thumb Code    24  stm32f0xx_usart.o(.text)
    USART_SmartCardNACKCmd                   0x08000f3d   Thumb Code    24  stm32f0xx_usart.o(.text)
    USART_SetAutoRetryCount                  0x08000f55   Thumb Code    20  stm32f0xx_usart.o(.text)
    USART_SetBlockLength                     0x08000f69   Thumb Code    18  stm32f0xx_usart.o(.text)
    USART_IrDAConfig                         0x08000f7b   Thumb Code    16  stm32f0xx_usart.o(.text)
    USART_IrDACmd                            0x08000f8b   Thumb Code    24  stm32f0xx_usart.o(.text)
    USART_DECmd                              0x08000fa3   Thumb Code    28  stm32f0xx_usart.o(.text)
    USART_DEPolarityConfig                   0x08000fbf   Thumb Code    18  stm32f0xx_usart.o(.text)
    USART_SetDEAssertionTime                 0x08000fd1   Thumb Code    20  stm32f0xx_usart.o(.text)
    USART_SetDEDeassertionTime               0x08000fe5   Thumb Code    20  stm32f0xx_usart.o(.text)
    USART_DMACmd                             0x08000ff9   Thumb Code    20  stm32f0xx_usart.o(.text)
    USART_DMAReceptionErrorConfig            0x0800100d   Thumb Code    18  stm32f0xx_usart.o(.text)
    USART_ITConfig                           0x0800101f   Thumb Code    66  stm32f0xx_usart.o(.text)
    USART_RequestCmd                         0x08001061   Thumb Code    20  stm32f0xx_usart.o(.text)
    USART_OverrunDetectionConfig             0x08001075   Thumb Code    18  stm32f0xx_usart.o(.text)
    USART_GetFlagStatus                      0x08001087   Thumb Code    20  stm32f0xx_usart.o(.text)
    USART_ClearFlag                          0x0800109b   Thumb Code     4  stm32f0xx_usart.o(.text)
    USART_GetITStatus                        0x0800109f   Thumb Code    78  stm32f0xx_usart.o(.text)
    USART_ClearITPendingBit                  0x080010ed   Thumb Code    18  stm32f0xx_usart.o(.text)
    NVIC_Init                                0x08001101   Thumb Code   106  stm32f0xx_misc.o(.text)
    NVIC_SystemLPConfig                      0x0800116b   Thumb Code    28  stm32f0xx_misc.o(.text)
    SysTick_CLKSourceConfig                  0x08001187   Thumb Code    32  stm32f0xx_misc.o(.text)
    TIM_DeInit                               0x080011b5   Thumb Code   228  stm32f0xx_tim.o(.text)
    TIM_TimeBaseInit                         0x08001299   Thumb Code    90  stm32f0xx_tim.o(.text)
    TIM_TimeBaseStructInit                   0x080012f3   Thumb Code    18  stm32f0xx_tim.o(.text)
    TIM_PrescalerConfig                      0x08001305   Thumb Code     6  stm32f0xx_tim.o(.text)
    TIM_CounterModeConfig                    0x0800130b   Thumb Code    20  stm32f0xx_tim.o(.text)
    TIM_SetCounter                           0x0800131f   Thumb Code     4  stm32f0xx_tim.o(.text)
    TIM_SetAutoreload                        0x08001323   Thumb Code     4  stm32f0xx_tim.o(.text)
    TIM_GetCounter                           0x08001327   Thumb Code     6  stm32f0xx_tim.o(.text)
    TIM_GetPrescaler                         0x0800132d   Thumb Code     6  stm32f0xx_tim.o(.text)
    TIM_UpdateDisableConfig                  0x08001333   Thumb Code    26  stm32f0xx_tim.o(.text)
    TIM_UpdateRequestConfig                  0x0800134d   Thumb Code    26  stm32f0xx_tim.o(.text)
    TIM_ARRPreloadConfig                     0x08001367   Thumb Code    26  stm32f0xx_tim.o(.text)
    TIM_SelectOnePulseMode                   0x08001381   Thumb Code    18  stm32f0xx_tim.o(.text)
    TIM_SetClockDivision                     0x08001393   Thumb Code    16  stm32f0xx_tim.o(.text)
    TIM_Cmd                                  0x080013a3   Thumb Code    26  stm32f0xx_tim.o(.text)
    TIM_BDTRConfig                           0x080013bd   Thumb Code    32  stm32f0xx_tim.o(.text)
    TIM_BDTRStructInit                       0x080013dd   Thumb Code    18  stm32f0xx_tim.o(.text)
    TIM_CtrlPWMOutputs                       0x080013ef   Thumb Code    34  stm32f0xx_tim.o(.text)
    TIM_OC1Init                              0x08001411   Thumb Code   122  stm32f0xx_tim.o(.text)
    TIM_OC2Init                              0x0800148b   Thumb Code   144  stm32f0xx_tim.o(.text)
    TIM_OC3Init                              0x0800151b   Thumb Code   190  stm32f0xx_tim.o(.text)
    TIM_OC4Init                              0x080015d9   Thumb Code    88  stm32f0xx_tim.o(.text)
    TIM_OCStructInit                         0x08001631   Thumb Code    20  stm32f0xx_tim.o(.text)
    TIM_SelectOCxM                           0x08001645   Thumb Code    82  stm32f0xx_tim.o(.text)
    TIM_SetCompare1                          0x08001697   Thumb Code     4  stm32f0xx_tim.o(.text)
    TIM_SetCompare2                          0x0800169b   Thumb Code     4  stm32f0xx_tim.o(.text)
    TIM_SetCompare3                          0x0800169f   Thumb Code     4  stm32f0xx_tim.o(.text)
    TIM_SetCompare4                          0x080016a3   Thumb Code     4  stm32f0xx_tim.o(.text)
    TIM_ForcedOC1Config                      0x080016a7   Thumb Code    20  stm32f0xx_tim.o(.text)
    TIM_ForcedOC2Config                      0x080016bb   Thumb Code    20  stm32f0xx_tim.o(.text)
    TIM_ForcedOC3Config                      0x080016cf   Thumb Code    20  stm32f0xx_tim.o(.text)
    TIM_ForcedOC4Config                      0x080016e3   Thumb Code    20  stm32f0xx_tim.o(.text)
    TIM_CCPreloadControl                     0x080016f7   Thumb Code    26  stm32f0xx_tim.o(.text)
    TIM_OC1PreloadConfig                     0x08001711   Thumb Code    22  stm32f0xx_tim.o(.text)
    TIM_OC2PreloadConfig                     0x08001727   Thumb Code    20  stm32f0xx_tim.o(.text)
    TIM_OC3PreloadConfig                     0x0800173b   Thumb Code    22  stm32f0xx_tim.o(.text)
    TIM_OC4PreloadConfig                     0x08001751   Thumb Code    20  stm32f0xx_tim.o(.text)
    TIM_OC1FastConfig                        0x08001765   Thumb Code    22  stm32f0xx_tim.o(.text)
    TIM_OC2FastConfig                        0x0800177b   Thumb Code    20  stm32f0xx_tim.o(.text)
    TIM_OC3FastConfig                        0x0800178f   Thumb Code    22  stm32f0xx_tim.o(.text)
    TIM_OC4FastConfig                        0x080017a5   Thumb Code    20  stm32f0xx_tim.o(.text)
    TIM_ClearOC1Ref                          0x080017b9   Thumb Code    22  stm32f0xx_tim.o(.text)
    TIM_ClearOC2Ref                          0x080017cf   Thumb Code    20  stm32f0xx_tim.o(.text)
    TIM_ClearOC3Ref                          0x080017e3   Thumb Code    22  stm32f0xx_tim.o(.text)
    TIM_ClearOC4Ref                          0x080017f9   Thumb Code    20  stm32f0xx_tim.o(.text)
    TIM_OC1PolarityConfig                    0x0800180d   Thumb Code    22  stm32f0xx_tim.o(.text)
    TIM_OC1NPolarityConfig                   0x08001823   Thumb Code    22  stm32f0xx_tim.o(.text)
    TIM_OC2PolarityConfig                    0x08001839   Thumb Code    22  stm32f0xx_tim.o(.text)
    TIM_OC2NPolarityConfig                   0x0800184f   Thumb Code    22  stm32f0xx_tim.o(.text)
    TIM_OC3PolarityConfig                    0x08001865   Thumb Code    20  stm32f0xx_tim.o(.text)
    TIM_OC3NPolarityConfig                   0x08001879   Thumb Code    20  stm32f0xx_tim.o(.text)
    TIM_OC4PolarityConfig                    0x0800188d   Thumb Code    20  stm32f0xx_tim.o(.text)
    TIM_SelectOCREFClear                     0x080018a1   Thumb Code    18  stm32f0xx_tim.o(.text)
    TIM_CCxCmd                               0x080018b3   Thumb Code    30  stm32f0xx_tim.o(.text)
    TIM_CCxNCmd                              0x080018d1   Thumb Code    30  stm32f0xx_tim.o(.text)
    TIM_SelectCOM                            0x080018ef   Thumb Code    26  stm32f0xx_tim.o(.text)
    TIM_SetIC4Prescaler                      0x08001909   Thumb Code    20  stm32f0xx_tim.o(.text)
    TIM_SetIC3Prescaler                      0x0800195f   Thumb Code    18  stm32f0xx_tim.o(.text)
    TIM_SetIC2Prescaler                      0x080019b3   Thumb Code    78  stm32f0xx_tim.o(.text)
    TIM_SetIC1Prescaler                      0x08001a43   Thumb Code    18  stm32f0xx_tim.o(.text)
    TIM_ICInit                               0x08001a8b   Thumb Code   112  stm32f0xx_tim.o(.text)
    TIM_ICStructInit                         0x08001afb   Thumb Code    18  stm32f0xx_tim.o(.text)
    TIM_PWMIConfig                           0x08001b0d   Thumb Code   124  stm32f0xx_tim.o(.text)
    TIM_GetCapture1                          0x08001b89   Thumb Code     6  stm32f0xx_tim.o(.text)
    TIM_GetCapture2                          0x08001b8f   Thumb Code     6  stm32f0xx_tim.o(.text)
    TIM_GetCapture3                          0x08001b95   Thumb Code     6  stm32f0xx_tim.o(.text)
    TIM_GetCapture4                          0x08001b9b   Thumb Code     6  stm32f0xx_tim.o(.text)
    TIM_ITConfig                             0x08001ba1   Thumb Code    20  stm32f0xx_tim.o(.text)
    TIM_GenerateEvent                        0x08001bb5   Thumb Code     4  stm32f0xx_tim.o(.text)
    TIM_GetFlagStatus                        0x08001bb9   Thumb Code    20  stm32f0xx_tim.o(.text)
    TIM_ClearFlag                            0x08001bcd   Thumb Code     6  stm32f0xx_tim.o(.text)
    TIM_GetITStatus                          0x08001bd3   Thumb Code    38  stm32f0xx_tim.o(.text)
    TIM_ClearITPendingBit                    0x08001bf9   Thumb Code     6  stm32f0xx_tim.o(.text)
    TIM_DMAConfig                            0x08001bff   Thumb Code    12  stm32f0xx_tim.o(.text)
    TIM_DMACmd                               0x08001c0b   Thumb Code    20  stm32f0xx_tim.o(.text)
    TIM_SelectCCDMA                          0x08001c1f   Thumb Code    26  stm32f0xx_tim.o(.text)
    TIM_InternalClockConfig                  0x08001c39   Thumb Code    12  stm32f0xx_tim.o(.text)
    TIM_SelectInputTrigger                   0x08001c45   Thumb Code    22  stm32f0xx_tim.o(.text)
    TIM_ITRxExternalClockConfig              0x08001c5b   Thumb Code    24  stm32f0xx_tim.o(.text)
    TIM_TIxExternalClockConfig               0x08001c73   Thumb Code    58  stm32f0xx_tim.o(.text)
    TIM_ETRConfig                            0x08001cad   Thumb Code    24  stm32f0xx_tim.o(.text)
    TIM_ETRClockMode1Config                  0x08001cc5   Thumb Code    48  stm32f0xx_tim.o(.text)
    TIM_ETRClockMode2Config                  0x08001cf5   Thumb Code    34  stm32f0xx_tim.o(.text)
    TIM_SelectOutputTrigger                  0x08001d17   Thumb Code    18  stm32f0xx_tim.o(.text)
    TIM_SelectSlaveMode                      0x08001d29   Thumb Code    18  stm32f0xx_tim.o(.text)
    TIM_SelectMasterSlaveMode                0x08001d3b   Thumb Code    18  stm32f0xx_tim.o(.text)
    TIM_EncoderInterfaceConfig               0x08001d4d   Thumb Code    60  stm32f0xx_tim.o(.text)
    TIM_SelectHallSensor                     0x08001d89   Thumb Code    26  stm32f0xx_tim.o(.text)
    TIM_RemapConfig                          0x08001da3   Thumb Code     6  stm32f0xx_tim.o(.text)
    vListInitialise                          0x08001db5   Thumb Code    26  list.o(.text)
    vListInitialiseItem                      0x08001dcf   Thumb Code     6  list.o(.text)
    vListInsertEnd                           0x08001dd5   Thumb Code    24  list.o(.text)
    vListInsert                              0x08001ded   Thumb Code    54  list.o(.text)
    uxListRemove                             0x08001e23   Thumb Code    40  list.o(.text)
    xQueueGenericReset                       0x08001e4d   Thumb Code   126  queue.o(.text)
    xQueueGenericCreate                      0x08001ecb   Thumb Code    92  queue.o(.text)
    xQueueGenericSend                        0x0800204d   Thumb Code   292  queue.o(.text)
    xQueueCreateMutex                        0x08002171   Thumb Code    88  queue.o(.text)
    xQueueGiveMutexRecursive                 0x080021c9   Thumb Code    60  queue.o(.text)
    xQueueGenericReceive                     0x0800224d   Thumb Code   338  queue.o(.text)
    xQueueTakeMutexRecursive                 0x0800239f   Thumb Code    66  queue.o(.text)
    xQueueCreateCountingSemaphore            0x080023e1   Thumb Code    78  queue.o(.text)
    xQueueGenericSendFromISR                 0x0800242f   Thumb Code   178  queue.o(.text)
    xQueueReceiveFromISR                     0x080024e1   Thumb Code   144  queue.o(.text)
    xQueuePeekFromISR                        0x08002571   Thumb Code    86  queue.o(.text)
    uxQueueMessagesWaiting                   0x080025c7   Thumb Code    28  queue.o(.text)
    uxQueueSpacesAvailable                   0x080025e3   Thumb Code    34  queue.o(.text)
    uxQueueMessagesWaitingFromISR            0x08002605   Thumb Code    16  queue.o(.text)
    vQueueUnregisterQueue                    0x08002615   Thumb Code    40  queue.o(.text)
    vQueueDelete                             0x0800263d   Thumb Code    36  queue.o(.text)
    ucQueueGetQueueNumber                    0x08002661   Thumb Code     8  queue.o(.text)
    vQueueSetQueueNumber                     0x08002669   Thumb Code     6  queue.o(.text)
    ucQueueGetQueueType                      0x0800266f   Thumb Code     8  queue.o(.text)
    xQueueIsQueueEmptyFromISR                0x08002677   Thumb Code    26  queue.o(.text)
    xQueueIsQueueFullFromISR                 0x08002691   Thumb Code    28  queue.o(.text)
    vQueueAddToRegistry                      0x080026ad   Thumb Code    40  queue.o(.text)
    vQueueWaitForMessageRestricted           0x080026d5   Thumb Code    60  queue.o(.text)
    xTimerGenericCommand                     0x08002761   Thumb Code   100  timers.o(.text)
    xTimerCreateTimerTask                    0x08002a5d   Thumb Code    58  timers.o(.text)
    xTimerCreate                             0x08002a97   Thumb Code    80  timers.o(.text)
    xTimerIsTimerActive                      0x08002ae7   Thumb Code    36  timers.o(.text)
    pvTimerGetTimerID                        0x08002b0b   Thumb Code     8  timers.o(.text)
    xTaskGenericCreate                       0x08002c0b   Thumb Code   288  tasks.o(.text)
    vTaskDelete                              0x08002d2b   Thumb Code    96  tasks.o(.text)
    xTaskIncrementTick                       0x08002d8b   Thumb Code   306  tasks.o(.text)
    xTaskResumeAll                           0x08002ebd   Thumb Code   284  tasks.o(.text)
    vTaskSuspendAll                          0x08003017   Thumb Code    12  tasks.o(.text)
    vTaskDelayUntil                          0x08003023   Thumb Code   136  tasks.o(.text)
    vTaskDelay                               0x080030ab   Thumb Code    52  tasks.o(.text)
    uxTaskPriorityGet                        0x080030df   Thumb Code    32  tasks.o(.text)
    vTaskPrioritySet                         0x080030ff   Thumb Code   204  tasks.o(.text)
    vTaskSwitchContext                       0x080031cb   Thumb Code   150  tasks.o(.text)
    vTaskSuspend                             0x08003261   Thumb Code   102  tasks.o(.text)
    xTaskIsTaskSuspended                     0x080032c7   Thumb Code    74  tasks.o(.text)
    vTaskResume                              0x08003311   Thumb Code   160  tasks.o(.text)
    xTaskResumeFromISR                       0x080033b1   Thumb Code   116  tasks.o(.text)
    vTaskStartScheduler                      0x080034a5   Thumb Code    72  tasks.o(.text)
    vTaskEndScheduler                        0x080034ed   Thumb Code    16  tasks.o(.text)
    xTaskGetTickCount                        0x080034fd   Thumb Code    18  tasks.o(.text)
    xTaskGetTickCountFromISR                 0x0800350f   Thumb Code    22  tasks.o(.text)
    uxTaskGetNumberOfTasks                   0x08003525   Thumb Code     6  tasks.o(.text)
    uxTaskGetSystemState                     0x080035dd   Thumb Code   128  tasks.o(.text)
    vTaskPlaceOnEventList                    0x0800365d   Thumb Code    72  tasks.o(.text)
    vTaskPlaceOnEventListRestricted          0x080036a5   Thumb Code    52  tasks.o(.text)
    xTaskRemoveFromEventList                 0x080036d9   Thumb Code   112  tasks.o(.text)
    vTaskSetTimeOutState                     0x08003749   Thumb Code    24  tasks.o(.text)
    xTaskCheckForTimeOut                     0x08003761   Thumb Code   178  tasks.o(.text)
    vTaskMissedYield                         0x08003813   Thumb Code     8  tasks.o(.text)
    uxTaskGetTaskNumber                      0x0800381b   Thumb Code    16  tasks.o(.text)
    vTaskSetTaskNumber                       0x0800382b   Thumb Code    10  tasks.o(.text)
    xTaskGetCurrentTaskHandle                0x08003835   Thumb Code     6  tasks.o(.text)
    xTaskGetSchedulerState                   0x0800383b   Thumb Code    28  tasks.o(.text)
    vTaskPriorityInherit                     0x08003857   Thumb Code   118  tasks.o(.text)
    vTaskPriorityDisinherit                  0x080038cd   Thumb Code    70  tasks.o(.text)
    pxPortInitialiseStack                    0x0800394d   Thumb Code    26  port.o(.text)
    SVC_Handler                              0x08003967   Thumb Code     2  port.o(.text)
    xPortStartScheduler                      0x08003983   Thumb Code    48  port.o(.text)
    vPortEndScheduler                        0x080039b3   Thumb Code     2  port.o(.text)
    vPortYield                               0x080039b5   Thumb Code    18  port.o(.text)
    vPortEnterCritical                       0x080039c7   Thumb Code    22  port.o(.text)
    vPortExitCritical                        0x080039dd   Thumb Code    22  port.o(.text)
    SysTick_Handler                          0x080039f3   Thumb Code    32  port.o(.text)
    pvPortMalloc                             0x08003a4f   Thumb Code   166  heap_2.o(.text)
    vPortFree                                0x08003af5   Thumb Code    58  heap_2.o(.text)
    xPortGetFreeHeapSize                     0x08003b2f   Thumb Code     6  heap_2.o(.text)
    vPortInitialiseBlocks                    0x08003b35   Thumb Code     2  heap_2.o(.text)
    USART1_task                              0x08003b51   Thumb Code   152  main.o(.text)
    key_task                                 0x08003be9   Thumb Code    76  main.o(.text)
    led_task                                 0x08003c35   Thumb Code    14  main.o(.text)
    main                                     0x08003c43   Thumb Code   170  main.o(.text)
    vApplicationStackOverflowHook            0x08003ced   Thumb Code     6  main.o(.text)
    SystemInit                               0x08003ebf   Thumb Code   110  system_stm32f0xx.o(.text)
    SystemCoreClockUpdate                    0x08003f2d   Thumb Code   154  system_stm32f0xx.o(.text)
    NMI_Handler                              0x08003fe9   Thumb Code     2  stm32f0xx_it.o(.text)
    HardFault_Handler                        0x08003feb   Thumb Code     4  stm32f0xx_it.o(.text)
    Handle_Key_Pressed                       0x08003ff1   Thumb Code   260  app.o(.text)
    TXFramer_CalChecksum                     0x08004101   Thumb Code    26  tx_framer.o(.text)
    TXFramer_SendSync                        0x0800411b   Thumb Code   168  tx_framer.o(.text)
    TXFramer_SendSimKey                      0x080041c3   Thumb Code   164  tx_framer.o(.text)
    LedArray_SetLight                        0x0800426d   Thumb Code    14  ledarray.o(.text)
    LedArray_Init                            0x08004403   Thumb Code    14  ledarray.o(.text)
    LedArray_SetFrame                        0x08004411   Thumb Code    40  ledarray.o(.text)
    LedArray_SetBackLight                    0x08004439   Thumb Code   204  ledarray.o(.text)
    Clr_Data                                 0x0800450b   Thumb Code    24  ledarray.o(.text)
    Latch_Data                               0x0800452b   Thumb Code    40  ledarray.o(.text)
    Shift_Byte                               0x08004553   Thumb Code    92  ledarray.o(.text)
    Shift_Data                               0x080045af   Thumb Code    36  ledarray.o(.text)
    LedArray_ReflashFrame                    0x080045d3   Thumb Code    36  ledarray.o(.text)
    Keypad_Debounce                          0x080046a9   Thumb Code    10  keypad_m.o(.text)
    Keypad_ReadKey                           0x080046fb   Thumb Code   282  keypad_m.o(.text)
    Keypad_Init                              0x08004815   Thumb Code     8  keypad_m.o(.text)
    M24C02_SDA_IN                            0x08004839   Thumb Code    34  m24c02.o(.text)
    M24C02_SDA_OUT                           0x0800485b   Thumb Code    38  m24c02.o(.text)
    M24C02_Init                              0x08004881   Thumb Code    64  m24c02.o(.text)
    M24C02_ReadOneByte                       0x08004a93   Thumb Code    66  m24c02.o(.text)
    M24C02_WriteOneByte                      0x08004ad5   Thumb Code    56  m24c02.o(.text)
    M24C02_Check                             0x08004b4d   Thumb Code    46  m24c02.o(.text)
    M24C02_Format                            0x08004b7b   Thumb Code    22  m24c02.o(.text)
    LEDCombo_SetBit                          0x08004b91   Thumb Code   132  ledcombo.o(.text)
    LEDCombo_ConfigColor                     0x08004ce9   Thumb Code     8  ledcombo.o(.text)
    LEDCombo_SetStatus                       0x08004cf1   Thumb Code     8  ledcombo.o(.text)
    LEDCombo_TurnOn                          0x08004cf9   Thumb Code    26  ledcombo.o(.text)
    LEDCombo_TurnOff                         0x08004d13   Thumb Code    22  ledcombo.o(.text)
    LEDCombo_GetStatus                       0x08004d29   Thumb Code    10  ledcombo.o(.text)
    LEDCombo_SaveCurrentLightlevel           0x08004d57   Thumb Code    14  ledcombo.o(.text)
    LEDCombo_SetLight                        0x08004d65   Thumb Code    20  ledcombo.o(.text)
    LEDCombo_InitCurrentLightlevel           0x08004d79   Thumb Code    26  ledcombo.o(.text)
    LEDCombo_Init                            0x08004d93   Thumb Code    24  ledcombo.o(.text)
    LEDCombo_SetBlink                        0x08004dab   Thumb Code     8  ledcombo.o(.text)
    LEDCombo_Toggle                          0x08004db3   Thumb Code    46  ledcombo.o(.text)
    LEDCombo_Scan_Toggle                     0x08004de1   Thumb Code    42  ledcombo.o(.text)
    LEDCombo_Reflash                         0x08004e0b   Thumb Code    38  ledcombo.o(.text)
    LEDCombo_GetLight                        0x08004e31   Thumb Code     6  ledcombo.o(.text)
    LEDCombo_EnterTestMode                   0x08004e37   Thumb Code    28  ledcombo.o(.text)
    LEDCombo_EnterNormalMode                 0x08004e53   Thumb Code    24  ledcombo.o(.text)
    USART1_Config                            0x08004ea7   Thumb Code   194  usart.o(.text)
    USART_TxByte                             0x08004f69   Thumb Code    30  usart.o(.text)
    fputc                                    0x08004f95   Thumb Code    40  usart.o(.text)
    fgetc                                    0x08004fbd   Thumb Code    26  usart.o(.text)
    USART_TxString                           0x08004fd7   Thumb Code    58  usart.o(.text)
    USART_TxStringByLen                      0x08005011   Thumb Code    64  usart.o(.text)
    USART1_TxStringByLen                     0x08005051   Thumb Code    48  usart.o(.text)
    USART1_IRQHandler                        0x08005081   Thumb Code   326  usart.o(.text)
    CMDParser_COM1_Handler                   0x08005513   Thumb Code   170  cmdparser.o(.text)
    Status_Set_Mode                          0x08005647   Thumb Code    80  controllerstatus.o(.text)
    Status_Update                            0x08005697   Thumb Code    96  controllerstatus.o(.text)
    __aeabi_uidiv                            0x0800572d   Thumb Code     0  uidiv.o(.text)
    __aeabi_uidivmod                         0x0800572d   Thumb Code    44  uidiv.o(.text)
    __aeabi_memcpy                           0x08005759   Thumb Code    36  memcpya.o(.text)
    __aeabi_memcpy4                          0x08005759   Thumb Code     0  memcpya.o(.text)
    __aeabi_memcpy8                          0x08005759   Thumb Code     0  memcpya.o(.text)
    __aeabi_memset                           0x0800577d   Thumb Code    14  memseta.o(.text)
    __aeabi_memset4                          0x0800577d   Thumb Code     0  memseta.o(.text)
    __aeabi_memset8                          0x0800577d   Thumb Code     0  memseta.o(.text)
    __aeabi_memclr                           0x0800578b   Thumb Code     4  memseta.o(.text)
    __aeabi_memclr4                          0x0800578b   Thumb Code     0  memseta.o(.text)
    __aeabi_memclr8                          0x0800578b   Thumb Code     0  memseta.o(.text)
    _memset$wrapper                          0x0800578f   Thumb Code    18  memseta.o(.text)
    __scatterload                            0x080057a1   Thumb Code    28  init.o(.text)
    __scatterload_rt2                        0x080057a1   Thumb Code     0  init.o(.text)
    __decompress                             0x080057c5   Thumb Code     0  __dczerorl2.o(.text)
    __decompress1                            0x080057c5   Thumb Code    86  __dczerorl2.o(.text)
    __0printf$0                              0x0800581d   Thumb Code    12  printf0.o(i.__0printf$0)
    __1printf$0                              0x0800581d   Thumb Code     0  printf0.o(i.__0printf$0)
    __2printf                                0x0800581d   Thumb Code     0  printf0.o(i.__0printf$0)
    __ARM_common_switch8                     0x08005831   Thumb Code    28  keypad_m.o(i.__ARM_common_switch8)
    __scatterload_copy                       0x0800584d   Thumb Code    14  handlers.o(i.__scatterload_copy)
    __scatterload_null                       0x0800585b   Thumb Code     2  handlers.o(i.__scatterload_null)
    __scatterload_zeroinit                   0x0800585d   Thumb Code    14  handlers.o(i.__scatterload_zeroinit)
    Region$$Table$$Base                      0x08005888   Number         0  anon$$obj.o(Region$$Table)
    Region$$Table$$Limit                     0x080058a8   Number         0  anon$$obj.o(Region$$Table)
    pxCurrentTCB                             0x20000020   Data           4  tasks.o(.data)
    LedHandle                                0x2000007c   Data           4  main.o(.data)
    KeyHandle                                0x20000080   Data           4  main.o(.data)
    UartHandle                               0x20000084   Data           4  main.o(.data)
    SystemCoreClock                          0x20000098   Data           4  system_stm32f0xx.o(.data)
    AHBPrescTable                            0x2000009c   Data          16  system_stm32f0xx.o(.data)
    IsTestMode                               0x200000b2   Data           1  app.o(.data)
    LedArray_FrameBuffer                     0x200000b8   Data           4  ledarray.o(.data)
    LEDCombo_LightLevel                      0x2000010f   Data           1  ledcombo.o(.data)
    USART1_RX_Length                         0x20000120   Data           4  usart.o(.data)
    USART1_ReceivedSemaphore                 0x20000124   Data           4  usart.o(.data)
    Status_Left_ON                           0x2000012b   Data           1  controllerstatus.o(.data)
    Status_Left_Blink                        0x2000012c   Data           1  controllerstatus.o(.data)
    Status_LeftERR_ON                        0x2000012d   Data           1  controllerstatus.o(.data)
    Status_LeftERR_Blink                     0x2000012e   Data           1  controllerstatus.o(.data)
    Status_Mid_ON                            0x2000012f   Data           1  controllerstatus.o(.data)
    Status_Mid_Blink                         0x20000130   Data           1  controllerstatus.o(.data)
    Status_MidERR_ON                         0x20000131   Data           1  controllerstatus.o(.data)
    Status_MidERR_Blink                      0x20000132   Data           1  controllerstatus.o(.data)
    Status_Right_ON                          0x20000133   Data           1  controllerstatus.o(.data)
    Status_Right_Blink                       0x20000134   Data           1  controllerstatus.o(.data)
    Status_RightERR_ON                       0x20000135   Data           1  controllerstatus.o(.data)
    Status_RightERR_Blink                    0x20000136   Data           1  controllerstatus.o(.data)
    Status_MODE_AUTO                         0x20000137   Data           1  controllerstatus.o(.data)
    __stdout                                 0x20000138   Data           4  stdout.o(.data)
    xQueueRegistry                           0x2000013c   Data          64  queue.o(.bss)
    USART1_RX_BUF                            0x200012c7   Data          50  usart.o(.bss)
    __initial_sp                             0x20001700   Data           0  startup_stm32f030.o(STACK)



==============================================================================

Memory Map of the image

  Image Entry point : 0x080000b5

  Load Region LR_IROM1 (Base: 0x08000000, Size: 0x000059e4, Max: 0x00010000, ABSOLUTE, COMPRESSED[0x00005904])

    Execution Region ER_IROM1 (Base: 0x08000000, Size: 0x000058a8, Max: 0x00010000, ABSOLUTE)

    Base Addr    Size         Type   Attr      Idx    E Section Name        Object

    0x08000000   0x000000b4   Data   RO            3    RESET               startup_stm32f030.o
    0x080000b4   0x00000000   Code   RO          782  * .ARM.Collect$$$$00000000  mc_p.l(entry.o)
    0x080000b4   0x00000004   Code   RO         1054    .ARM.Collect$$$$00000001  mc_p.l(entry2.o)
    0x080000b8   0x00000004   Code   RO         1057    .ARM.Collect$$$$00000004  mc_p.l(entry5.o)
    0x080000bc   0x00000000   Code   RO         1059    .ARM.Collect$$$$00000008  mc_p.l(entry7b.o)
    0x080000bc   0x00000000   Code   RO         1061    .ARM.Collect$$$$0000000A  mc_p.l(entry8b.o)
    0x080000bc   0x00000008   Code   RO         1062    .ARM.Collect$$$$0000000B  mc_p.l(entry9a.o)
    0x080000c4   0x00000000   Code   RO         1064    .ARM.Collect$$$$0000000D  mc_p.l(entry10a.o)
    0x080000c4   0x00000000   Code   RO         1066    .ARM.Collect$$$$0000000F  mc_p.l(entry11a.o)
    0x080000c4   0x00000004   Code   RO         1055    .ARM.Collect$$$$00002712  mc_p.l(entry2.o)
    0x080000c8   0x00000070   Code   RO          372    .emb_text           port.o
    0x08000138   0x00000058   Code   RO            4    .text               startup_stm32f030.o
    0x08000190   0x0000020c   Code   RO           12    .text               stm32f0xx_gpio.o
    0x0800039c   0x00000750   Code   RO          118    .text               stm32f0xx_rcc.o
    0x08000aec   0x00000612   Code   RO          140    .text               stm32f0xx_usart.o
    0x080010fe   0x00000002   PAD
    0x08001100   0x000000b4   Code   RO          180    .text               stm32f0xx_misc.o
    0x080011b4   0x00000c00   Code   RO          220    .text               stm32f0xx_tim.o
    0x08001db4   0x00000096   Code   RO          240    .text               list.o
    0x08001e4a   0x00000002   PAD
    0x08001e4c   0x000008c8   Code   RO          287    .text               queue.o
    0x08002714   0x00000424   Code   RO          319    .text               timers.o
    0x08002b38   0x00000df4   Code   RO          345    .text               tasks.o
    0x0800392c   0x000000fc   Code   RO          373    .text               port.o
    0x08003a28   0x00000128   Code   RO          401    .text               heap_2.o
    0x08003b50   0x000002f0   Code   RO          424    .text               main.o
    0x08003e40   0x000001a8   Code   RO          492    .text               system_stm32f0xx.o
    0x08003fe8   0x00000006   Code   RO          518    .text               stm32f0xx_it.o
    0x08003fee   0x00000002   PAD
    0x08003ff0   0x00000110   Code   RO          541    .text               app.o
    0x08004100   0x0000016c   Code   RO          580    .text               tx_framer.o
    0x0800426c   0x000003a8   Code   RO          602    .text               ledarray.o
    0x08004614   0x00000224   Code   RO          629    .text               keypad_m.o
    0x08004838   0x00000358   Code   RO          656    .text               m24c02.o
    0x08004b90   0x00000308   Code   RO          679    .text               ledcombo.o
    0x08004e98   0x00000354   Code   RO          715    .text               usart.o
    0x080051ec   0x00000428   Code   RO          742    .text               cmdparser.o
    0x08005614   0x00000118   Code   RO          763    .text               controllerstatus.o
    0x0800572c   0x0000002c   Code   RO          785    .text               mc_p.l(uidiv.o)
    0x08005758   0x00000024   Code   RO          787    .text               mc_p.l(memcpya.o)
    0x0800577c   0x00000024   Code   RO          789    .text               mc_p.l(memseta.o)
    0x080057a0   0x00000024   Code   RO         1082    .text               mc_p.l(init.o)
    0x080057c4   0x00000056   Code   RO         1102    .text               mc_p.l(__dczerorl2.o)
    0x0800581a   0x00000002   PAD
    0x0800581c   0x00000014   Code   RO          816    i.__0printf$0       mc_p.l(printf0.o)
    0x08005830   0x0000001c   Code   RO          646    i.__ARM_common_switch8  keypad_m.o
    0x0800584c   0x0000000e   Code   RO         1096    i.__scatterload_copy  mc_p.l(handlers.o)
    0x0800585a   0x00000002   Code   RO         1097    i.__scatterload_null  mc_p.l(handlers.o)
    0x0800585c   0x0000000e   Code   RO         1098    i.__scatterload_zeroinit  mc_p.l(handlers.o)
    0x0800586a   0x0000001e   Code   RO          823    i._printf_core      mc_p.l(printf0.o)
    0x08005888   0x00000020   Data   RO         1094    Region$$Table       anon$$obj.o


    Execution Region RW_IRAM1 (Base: 0x20000000, Size: 0x00001700, Max: 0x00002000, ABSOLUTE, COMPRESSED[0x0000005c])

    Base Addr    Size         Type   Attr      Idx    E Section Name        Object

    0x20000000   0x00000010   Data   RW          119    .data               stm32f0xx_rcc.o
    0x20000010   0x00000010   Data   RW          321    .data               timers.o
    0x20000020   0x00000038   Data   RW          347    .data               tasks.o
    0x20000058   0x00000004   Data   RW          374    .data               port.o
    0x2000005c   0x00000018   Data   RW          403    .data               heap_2.o
    0x20000074   0x00000021   Data   RW          426    .data               main.o
    0x20000095   0x00000003   PAD
    0x20000098   0x00000014   Data   RW          493    .data               system_stm32f0xx.o
    0x200000ac   0x00000007   Data   RW          543    .data               app.o
    0x200000b3   0x00000001   PAD
    0x200000b4   0x00000009   Data   RW          603    .data               ledarray.o
    0x200000bd   0x00000001   PAD
    0x200000be   0x00000014   Data   RW          630    .data               keypad_m.o
    0x200000d2   0x00000002   PAD
    0x200000d4   0x00000044   Data   RW          681    .data               ledcombo.o
    0x20000118   0x00000010   Data   RW          717    .data               usart.o
    0x20000128   0x00000010   Data   RW          765    .data               controllerstatus.o
    0x20000138   0x00000004   Data   RW         1068    .data               mc_p.l(stdout.o)
    0x2000013c   0x00000040   Zero   RW          288    .bss                queue.o
    0x2000017c   0x00000028   Zero   RW          320    .bss                timers.o
    0x200001a4   0x000000c8   Zero   RW          346    .bss                tasks.o
    0x2000026c   0x00001000   Zero   RW          402    .bss                heap_2.o
    0x2000126c   0x0000000f   Zero   RW          581    .bss                tx_framer.o
    0x2000127b   0x0000004c   Zero   RW          680    .bss                ledcombo.o
    0x200012c7   0x00000032   Zero   RW          716    .bss                usart.o
    0x200012f9   0x00000007   PAD
    0x20001300   0x00000400   Zero   RW            1    STACK               startup_stm32f030.o


==============================================================================

Image component sizes


      Code (inc. data)   RO Data    RW Data    ZI Data      Debug   Object Name

       272         12          0          7          0       2300   app.o
      1064         88          0          0          0       3113   cmdparser.o
       280         54          0         16          0       2155   controllerstatus.o
       296         26          0         24       4096       3204   heap_2.o
       576         36          0         20          0       2569   keypad_m.o
       936         30          0          9          0       3809   ledarray.o
       776         46          0         68         76       6326   ledcombo.o
       150          0          0          0          0       7306   list.o
       856          0          0          0          0       3513   m24c02.o
       752        224          0         33          0      13862   main.o
       364         32          0          4          0       2682   port.o
      2248          4          0          0         64      17823   queue.o
        88         38        180          0       1024        740   startup_stm32f030.o
       524         26          0          0          0     214125   stm32f0xx_gpio.o
         6          0          0          0          0        512   stm32f0xx_it.o
       180         14          0          0          0       1380   stm32f0xx_misc.o
      1872         52          0         16          0       9208   stm32f0xx_rcc.o
      3072        136          0          0          0      22961   stm32f0xx_tim.o
      1554         40          0          0          0      12022   stm32f0xx_usart.o
       424         34          0         20          0       1623   system_stm32f0xx.o
      3572        236          0         56        200      17020   tasks.o
      1060         38          0         16         40       8252   timers.o
       364          6          0          0         15       1845   tx_framer.o
       852         38          0         16         50       3821   usart.o

    ----------------------------------------------------------------------
     22144       1210        212        312       5572     362171   Object Totals
         0          0         32          0          0          0   (incl. Generated)
         6          0          0          7          7          0   (incl. Padding)

    ----------------------------------------------------------------------

      Code (inc. data)   RO Data    RW Data    ZI Data      Debug   Library Member Name

        86          0          0          0          0          0   __dczerorl2.o
         0          0          0          0          0          0   entry.o
         0          0          0          0          0          0   entry10a.o
         0          0          0          0          0          0   entry11a.o
         8          4          0          0          0          0   entry2.o
         4          0          0          0          0          0   entry5.o
         0          0          0          0          0          0   entry7b.o
         0          0          0          0          0          0   entry8b.o
         8          4          0          0          0          0   entry9a.o
        30          0          0          0          0          0   handlers.o
        36          8          0          0          0         68   init.o
        36          0          0          0          0         60   memcpya.o
        36          0          0          0          0        100   memseta.o
        50          8          0          0          0        144   printf0.o
         0          0          0          4          0          0   stdout.o
        44          0          0          0          0         72   uidiv.o

    ----------------------------------------------------------------------
       340         24          0          4          0        444   Library Totals
         2          0          0          0          0          0   (incl. Padding)

    ----------------------------------------------------------------------

      Code (inc. data)   RO Data    RW Data    ZI Data      Debug   Library Name

       338         24          0          4          0        444   mc_p.l

    ----------------------------------------------------------------------
       340         24          0          4          0        444   Library Totals

    ----------------------------------------------------------------------

==============================================================================


      Code (inc. data)   RO Data    RW Data    ZI Data      Debug   

     22484       1234        212        316       5572     360675   Grand Totals
     22484       1234        212         92       5572     360675   ELF Image Totals (compressed)
     22484       1234        212         92          0          0   ROM Totals

==============================================================================

    Total RO  Size (Code + RO Data)                22696 (  22.16kB)
    Total RW  Size (RW Data + ZI Data)              5888 (   5.75kB)
    Total ROM Size (Code + RO Data + RW Data)      22788 (  22.25kB)

==============================================================================

