Component: ARM Compiler 5.06 update 4 (build 422) Tool: armlink [4d35d2]

==============================================================================

Section Cross References

    startup_stm32f030.o(RESET) refers to startup_stm32f030.o(STACK) for __initial_sp
    startup_stm32f030.o(RESET) refers to startup_stm32f030.o(.text) for Reset_Handler
    startup_stm32f030.o(RESET) refers to stm32f0xx_it.o(.text) for NMI_Handler
    startup_stm32f030.o(RESET) refers to port.o(.text) for SVC_Handler
    startup_stm32f030.o(RESET) refers to port.o(.emb_text) for PendSV_Handler
    startup_stm32f030.o(.text) refers to system_stm32f0xx.o(.text) for SystemInit
    startup_stm32f030.o(.text) refers to entry.o(.ARM.Collect$$$$00000000) for __main
    stm32f0xx_gpio.o(.text) refers to stm32f0xx_rcc.o(.text) for RCC_AHBPeriphResetCmd
    stm32f0xx_rcc.o(.text) refers to uidiv.o(.text) for __aeabi_uidivmod
    stm32f0xx_rcc.o(.text) refers to stm32f0xx_rcc.o(.data) for APBAHBPrescTable
    stm32f0xx_usart.o(.text) refers to stm32f0xx_rcc.o(.text) for RCC_APB2PeriphResetCmd
    stm32f0xx_usart.o(.text) refers to uidiv.o(.text) for __aeabi_uidivmod
    queue.o(.text) refers to port.o(.text) for vPortEnterCritical
    queue.o(.text) refers to tasks.o(.text) for xTaskRemoveFromEventList
    queue.o(.text) refers to list.o(.text) for vListInitialise
    queue.o(.text) refers to heap_2.o(.text) for pvPortMalloc
    queue.o(.text) refers to memcpya.o(.text) for __aeabi_memcpy
    queue.o(.text) refers to port.o(.emb_text) for ulSetInterruptMaskFromISR
    queue.o(.text) refers to queue.o(.bss) for xQueueRegistry
    timers.o(.text) refers to list.o(.text) for vListInsert
    timers.o(.text) refers to tasks.o(.text) for xTaskGetSchedulerState
    timers.o(.text) refers to queue.o(.text) for xQueueGenericSend
    timers.o(.text) refers to heap_2.o(.text) for vPortFree
    timers.o(.text) refers to port.o(.text) for vPortYield
    timers.o(.text) refers to timers.o(.data) for pxOverflowTimerList
    timers.o(.text) refers to timers.o(.bss) for xActiveTimerList1
    tasks.o(.text) refers to list.o(.text) for vListInitialise
    tasks.o(.text) refers to heap_2.o(.text) for pvPortMalloc
    tasks.o(.text) refers to memseta.o(.text) for __aeabi_memset
    tasks.o(.text) refers to port.o(.text) for pxPortInitialiseStack
    tasks.o(.text) refers to tasks.o(.bss) for pxReadyTasksLists
    tasks.o(.text) refers to tasks.o(.data) for pxDelayedTaskList
    tasks.o(.text) refers to port.o(.emb_text) for ulSetInterruptMaskFromISR
    tasks.o(.text) refers to timers.o(.text) for xTimerCreateTimerTask
    port.o(.emb_text) refers to tasks.o(.data) for pxCurrentTCB
    port.o(.emb_text) refers to tasks.o(.text) for vTaskSwitchContext
    port.o(.text) refers to uidiv.o(.text) for __aeabi_uidivmod
    port.o(.text) refers to port.o(.emb_text) for __asm___6_port_c_39a90d8d__prvPortStartFirstTask
    port.o(.text) refers to tasks.o(.text) for xTaskIncrementTick
    port.o(.text) refers to port.o(.data) for uxCriticalNesting
    port.o(.text) refers to system_stm32f0xx.o(.data) for SystemCoreClock
    heap_2.o(.text) refers to tasks.o(.text) for vTaskSuspendAll
    heap_2.o(.text) refers to heap_2.o(.bss) for ucHeap
    heap_2.o(.text) refers to heap_2.o(.data) for xStart
    main.o(.text) refers to stm32f0xx_rcc.o(.text) for RCC_AHBPeriphClockCmd
    main.o(.text) refers to stm32f0xx_gpio.o(.text) for GPIO_Init
    main.o(.text) refers to usart.o(.text) for usart_config
    main.o(.text) refers to printf1.o(i.__0printf$1) for __2printf
    main.o(.text) refers to tasks.o(.text) for vTaskDelay
    main.o(.text) refers to uidiv.o(.text) for __aeabi_uidivmod
    usart.o(.text) refers to stm32f0xx_rcc.o(.text) for RCC_AHBPeriphClockCmd
    usart.o(.text) refers to stm32f0xx_gpio.o(.text) for GPIO_Init
    usart.o(.text) refers to stm32f0xx_usart.o(.text) for USART_DeInit
    system_stm32f0xx.o(.text) refers to uidiv.o(.text) for __aeabi_uidivmod
    system_stm32f0xx.o(.text) refers to system_stm32f0xx.o(.data) for SystemCoreClock
    entry.o(.ARM.Collect$$$$00000000) refers (Special) to entry10a.o(.ARM.Collect$$$$0000000D) for __rt_final_cpp
    entry.o(.ARM.Collect$$$$00000000) refers (Special) to entry11a.o(.ARM.Collect$$$$0000000F) for __rt_final_exit
    entry.o(.ARM.Collect$$$$00000000) refers (Special) to entry7b.o(.ARM.Collect$$$$00000008) for _main_clock
    entry.o(.ARM.Collect$$$$00000000) refers (Special) to entry8b.o(.ARM.Collect$$$$0000000A) for _main_cpp_init
    entry.o(.ARM.Collect$$$$00000000) refers (Special) to entry9a.o(.ARM.Collect$$$$0000000B) for _main_init
    entry.o(.ARM.Collect$$$$00000000) refers (Special) to entry5.o(.ARM.Collect$$$$00000004) for _main_scatterload
    entry.o(.ARM.Collect$$$$00000000) refers (Special) to entry2.o(.ARM.Collect$$$$00000001) for _main_stk
    printfb.o(i.__0fprintf$bare) refers to printfb.o(i._printf_core) for _printf_core
    printfb.o(i.__0fprintf$bare) refers to usart.o(.text) for fputc
    printfb.o(i.__0printf$bare) refers to printfb.o(i._printf_core) for _printf_core
    printfb.o(i.__0printf$bare) refers to usart.o(.text) for fputc
    printfb.o(i.__0printf$bare) refers to stdout.o(.data) for __stdout
    printfb.o(i.__0snprintf$bare) refers to printfb.o(i._printf_core) for _printf_core
    printfb.o(i.__0snprintf$bare) refers to printfb.o(i._snputc) for _snputc
    printfb.o(i.__0sprintf$bare) refers to printfb.o(i._printf_core) for _printf_core
    printfb.o(i.__0sprintf$bare) refers to printfb.o(i._sputc) for _sputc
    printfb.o(i.__0vfprintf$bare) refers to printfb.o(i._printf_core) for _printf_core
    printfb.o(i.__0vfprintf$bare) refers to usart.o(.text) for fputc
    printfb.o(i.__0vprintf$bare) refers to printfb.o(i._printf_core) for _printf_core
    printfb.o(i.__0vprintf$bare) refers to usart.o(.text) for fputc
    printfb.o(i.__0vprintf$bare) refers to stdout.o(.data) for __stdout
    printfb.o(i.__0vsnprintf$bare) refers to printfb.o(i._printf_core) for _printf_core
    printfb.o(i.__0vsnprintf$bare) refers to printfb.o(i._snputc) for _snputc
    printfb.o(i.__0vsprintf$bare) refers to printfb.o(i._printf_core) for _printf_core
    printfb.o(i.__0vsprintf$bare) refers to printfb.o(i._sputc) for _sputc
    printf0.o(i.__0fprintf$0) refers to printf0.o(i._printf_core) for _printf_core
    printf0.o(i.__0fprintf$0) refers to usart.o(.text) for fputc
    printf0.o(i.__0printf$0) refers to printf0.o(i._printf_core) for _printf_core
    printf0.o(i.__0printf$0) refers to usart.o(.text) for fputc
    printf0.o(i.__0printf$0) refers to stdout.o(.data) for __stdout
    printf0.o(i.__0snprintf$0) refers to printf0.o(i._printf_core) for _printf_core
    printf0.o(i.__0snprintf$0) refers to printf0.o(i._snputc) for _snputc
    printf0.o(i.__0sprintf$0) refers to printf0.o(i._printf_core) for _printf_core
    printf0.o(i.__0sprintf$0) refers to printf0.o(i._sputc) for _sputc
    printf0.o(i.__0vfprintf$0) refers to printf0.o(i._printf_core) for _printf_core
    printf0.o(i.__0vfprintf$0) refers to usart.o(.text) for fputc
    printf0.o(i.__0vprintf$0) refers to printf0.o(i._printf_core) for _printf_core
    printf0.o(i.__0vprintf$0) refers to usart.o(.text) for fputc
    printf0.o(i.__0vprintf$0) refers to stdout.o(.data) for __stdout
    printf0.o(i.__0vsnprintf$0) refers to printf0.o(i._printf_core) for _printf_core
    printf0.o(i.__0vsnprintf$0) refers to printf0.o(i._snputc) for _snputc
    printf0.o(i.__0vsprintf$0) refers to printf0.o(i._printf_core) for _printf_core
    printf0.o(i.__0vsprintf$0) refers to printf0.o(i._sputc) for _sputc
    printf1.o(i.__0fprintf$1) refers to printf1.o(i._printf_core) for _printf_core
    printf1.o(i.__0fprintf$1) refers to usart.o(.text) for fputc
    printf1.o(i.__0printf$1) refers to printf1.o(i._printf_core) for _printf_core
    printf1.o(i.__0printf$1) refers to usart.o(.text) for fputc
    printf1.o(i.__0printf$1) refers to stdout.o(.data) for __stdout
    printf1.o(i.__0snprintf$1) refers to printf1.o(i._printf_core) for _printf_core
    printf1.o(i.__0snprintf$1) refers to printf1.o(i._snputc) for _snputc
    printf1.o(i.__0sprintf$1) refers to printf1.o(i._printf_core) for _printf_core
    printf1.o(i.__0sprintf$1) refers to printf1.o(i._sputc) for _sputc
    printf1.o(i.__0vfprintf$1) refers to printf1.o(i._printf_core) for _printf_core
    printf1.o(i.__0vfprintf$1) refers to usart.o(.text) for fputc
    printf1.o(i.__0vprintf$1) refers to printf1.o(i._printf_core) for _printf_core
    printf1.o(i.__0vprintf$1) refers to usart.o(.text) for fputc
    printf1.o(i.__0vprintf$1) refers to stdout.o(.data) for __stdout
    printf1.o(i.__0vsnprintf$1) refers to printf1.o(i._printf_core) for _printf_core
    printf1.o(i.__0vsnprintf$1) refers to printf1.o(i._snputc) for _snputc
    printf1.o(i.__0vsprintf$1) refers to printf1.o(i._printf_core) for _printf_core
    printf1.o(i.__0vsprintf$1) refers to printf1.o(i._sputc) for _sputc
    printf1.o(i._printf_core) refers to uidiv.o(.text) for __aeabi_uidivmod
    printf2.o(i.__0fprintf$2) refers to printf2.o(i._printf_core) for _printf_core
    printf2.o(i.__0fprintf$2) refers to usart.o(.text) for fputc
    printf2.o(i.__0printf$2) refers to printf2.o(i._printf_core) for _printf_core
    printf2.o(i.__0printf$2) refers to usart.o(.text) for fputc
    printf2.o(i.__0printf$2) refers to stdout.o(.data) for __stdout
    printf2.o(i.__0snprintf$2) refers to printf2.o(i._printf_core) for _printf_core
    printf2.o(i.__0snprintf$2) refers to printf2.o(i._snputc) for _snputc
    printf2.o(i.__0sprintf$2) refers to printf2.o(i._printf_core) for _printf_core
    printf2.o(i.__0sprintf$2) refers to printf2.o(i._sputc) for _sputc
    printf2.o(i.__0vfprintf$2) refers to printf2.o(i._printf_core) for _printf_core
    printf2.o(i.__0vfprintf$2) refers to usart.o(.text) for fputc
    printf2.o(i.__0vprintf$2) refers to printf2.o(i._printf_core) for _printf_core
    printf2.o(i.__0vprintf$2) refers to usart.o(.text) for fputc
    printf2.o(i.__0vprintf$2) refers to stdout.o(.data) for __stdout
    printf2.o(i.__0vsnprintf$2) refers to printf2.o(i._printf_core) for _printf_core
    printf2.o(i.__0vsnprintf$2) refers to printf2.o(i._snputc) for _snputc
    printf2.o(i.__0vsprintf$2) refers to printf2.o(i._printf_core) for _printf_core
    printf2.o(i.__0vsprintf$2) refers to printf2.o(i._sputc) for _sputc
    printf3.o(i.__0fprintf$3) refers to printf3.o(i._printf_core) for _printf_core
    printf3.o(i.__0fprintf$3) refers to usart.o(.text) for fputc
    printf3.o(i.__0printf$3) refers to printf3.o(i._printf_core) for _printf_core
    printf3.o(i.__0printf$3) refers to usart.o(.text) for fputc
    printf3.o(i.__0printf$3) refers to stdout.o(.data) for __stdout
    printf3.o(i.__0snprintf$3) refers to printf3.o(i._printf_core) for _printf_core
    printf3.o(i.__0snprintf$3) refers to printf3.o(i._snputc) for _snputc
    printf3.o(i.__0sprintf$3) refers to printf3.o(i._printf_core) for _printf_core
    printf3.o(i.__0sprintf$3) refers to printf3.o(i._sputc) for _sputc
    printf3.o(i.__0vfprintf$3) refers to printf3.o(i._printf_core) for _printf_core
    printf3.o(i.__0vfprintf$3) refers to usart.o(.text) for fputc
    printf3.o(i.__0vprintf$3) refers to printf3.o(i._printf_core) for _printf_core
    printf3.o(i.__0vprintf$3) refers to usart.o(.text) for fputc
    printf3.o(i.__0vprintf$3) refers to stdout.o(.data) for __stdout
    printf3.o(i.__0vsnprintf$3) refers to printf3.o(i._printf_core) for _printf_core
    printf3.o(i.__0vsnprintf$3) refers to printf3.o(i._snputc) for _snputc
    printf3.o(i.__0vsprintf$3) refers to printf3.o(i._printf_core) for _printf_core
    printf3.o(i.__0vsprintf$3) refers to printf3.o(i._sputc) for _sputc
    printf3.o(i._printf_core) refers to uidiv.o(.text) for __aeabi_uidivmod
    printf4.o(i.__0fprintf$4) refers to printf4.o(i._printf_core) for _printf_core
    printf4.o(i.__0fprintf$4) refers to usart.o(.text) for fputc
    printf4.o(i.__0printf$4) refers to printf4.o(i._printf_core) for _printf_core
    printf4.o(i.__0printf$4) refers to usart.o(.text) for fputc
    printf4.o(i.__0printf$4) refers to stdout.o(.data) for __stdout
    printf4.o(i.__0snprintf$4) refers to printf4.o(i._printf_core) for _printf_core
    printf4.o(i.__0snprintf$4) refers to printf4.o(i._snputc) for _snputc
    printf4.o(i.__0sprintf$4) refers to printf4.o(i._printf_core) for _printf_core
    printf4.o(i.__0sprintf$4) refers to printf4.o(i._sputc) for _sputc
    printf4.o(i.__0vfprintf$4) refers to printf4.o(i._printf_core) for _printf_core
    printf4.o(i.__0vfprintf$4) refers to usart.o(.text) for fputc
    printf4.o(i.__0vprintf$4) refers to printf4.o(i._printf_core) for _printf_core
    printf4.o(i.__0vprintf$4) refers to usart.o(.text) for fputc
    printf4.o(i.__0vprintf$4) refers to stdout.o(.data) for __stdout
    printf4.o(i.__0vsnprintf$4) refers to printf4.o(i._printf_core) for _printf_core
    printf4.o(i.__0vsnprintf$4) refers to printf4.o(i._snputc) for _snputc
    printf4.o(i.__0vsprintf$4) refers to printf4.o(i._printf_core) for _printf_core
    printf4.o(i.__0vsprintf$4) refers to printf4.o(i._sputc) for _sputc
    printf4.o(i._printf_core) refers to uldiv.o(.text) for __aeabi_uldivmod
    printf5.o(i.__0fprintf$5) refers to printf5.o(i._printf_core) for _printf_core
    printf5.o(i.__0fprintf$5) refers to usart.o(.text) for fputc
    printf5.o(i.__0printf$5) refers to printf5.o(i._printf_core) for _printf_core
    printf5.o(i.__0printf$5) refers to usart.o(.text) for fputc
    printf5.o(i.__0printf$5) refers to stdout.o(.data) for __stdout
    printf5.o(i.__0snprintf$5) refers to printf5.o(i._printf_core) for _printf_core
    printf5.o(i.__0snprintf$5) refers to printf5.o(i._snputc) for _snputc
    printf5.o(i.__0sprintf$5) refers to printf5.o(i._printf_core) for _printf_core
    printf5.o(i.__0sprintf$5) refers to printf5.o(i._sputc) for _sputc
    printf5.o(i.__0vfprintf$5) refers to printf5.o(i._printf_core) for _printf_core
    printf5.o(i.__0vfprintf$5) refers to usart.o(.text) for fputc
    printf5.o(i.__0vprintf$5) refers to printf5.o(i._printf_core) for _printf_core
    printf5.o(i.__0vprintf$5) refers to usart.o(.text) for fputc
    printf5.o(i.__0vprintf$5) refers to stdout.o(.data) for __stdout
    printf5.o(i.__0vsnprintf$5) refers to printf5.o(i._printf_core) for _printf_core
    printf5.o(i.__0vsnprintf$5) refers to printf5.o(i._snputc) for _snputc
    printf5.o(i.__0vsprintf$5) refers to printf5.o(i._printf_core) for _printf_core
    printf5.o(i.__0vsprintf$5) refers to printf5.o(i._sputc) for _sputc
    printf5.o(i._printf_core) refers to uldiv.o(.text) for __aeabi_uldivmod
    printf6.o(i.__0fprintf$6) refers to printf6.o(i._printf_core) for _printf_core
    printf6.o(i.__0fprintf$6) refers to usart.o(.text) for fputc
    printf6.o(i.__0printf$6) refers to printf6.o(i._printf_core) for _printf_core
    printf6.o(i.__0printf$6) refers to usart.o(.text) for fputc
    printf6.o(i.__0printf$6) refers to stdout.o(.data) for __stdout
    printf6.o(i.__0snprintf$6) refers to printf6.o(i._printf_core) for _printf_core
    printf6.o(i.__0snprintf$6) refers to printf6.o(i._snputc) for _snputc
    printf6.o(i.__0sprintf$6) refers to printf6.o(i._printf_core) for _printf_core
    printf6.o(i.__0sprintf$6) refers to printf6.o(i._sputc) for _sputc
    printf6.o(i.__0vfprintf$6) refers to printf6.o(i._printf_core) for _printf_core
    printf6.o(i.__0vfprintf$6) refers to usart.o(.text) for fputc
    printf6.o(i.__0vprintf$6) refers to printf6.o(i._printf_core) for _printf_core
    printf6.o(i.__0vprintf$6) refers to usart.o(.text) for fputc
    printf6.o(i.__0vprintf$6) refers to stdout.o(.data) for __stdout
    printf6.o(i.__0vsnprintf$6) refers to printf6.o(i._printf_core) for _printf_core
    printf6.o(i.__0vsnprintf$6) refers to printf6.o(i._snputc) for _snputc
    printf6.o(i.__0vsprintf$6) refers to printf6.o(i._printf_core) for _printf_core
    printf6.o(i.__0vsprintf$6) refers to printf6.o(i._sputc) for _sputc
    printf6.o(i._printf_core) refers to printf6.o(i._printf_pre_padding) for _printf_pre_padding
    printf6.o(i._printf_core) refers to printf6.o(i._printf_post_padding) for _printf_post_padding
    printf6.o(i._printf_core) refers to uidiv.o(.text) for __aeabi_uidivmod
    printf7.o(i.__0fprintf$7) refers to printf7.o(i._printf_core) for _printf_core
    printf7.o(i.__0fprintf$7) refers to usart.o(.text) for fputc
    printf7.o(i.__0printf$7) refers to printf7.o(i._printf_core) for _printf_core
    printf7.o(i.__0printf$7) refers to usart.o(.text) for fputc
    printf7.o(i.__0printf$7) refers to stdout.o(.data) for __stdout
    printf7.o(i.__0snprintf$7) refers to printf7.o(i._printf_core) for _printf_core
    printf7.o(i.__0snprintf$7) refers to printf7.o(i._snputc) for _snputc
    printf7.o(i.__0sprintf$7) refers to printf7.o(i._printf_core) for _printf_core
    printf7.o(i.__0sprintf$7) refers to printf7.o(i._sputc) for _sputc
    printf7.o(i.__0vfprintf$7) refers to printf7.o(i._printf_core) for _printf_core
    printf7.o(i.__0vfprintf$7) refers to usart.o(.text) for fputc
    printf7.o(i.__0vprintf$7) refers to printf7.o(i._printf_core) for _printf_core
    printf7.o(i.__0vprintf$7) refers to usart.o(.text) for fputc
    printf7.o(i.__0vprintf$7) refers to stdout.o(.data) for __stdout
    printf7.o(i.__0vsnprintf$7) refers to printf7.o(i._printf_core) for _printf_core
    printf7.o(i.__0vsnprintf$7) refers to printf7.o(i._snputc) for _snputc
    printf7.o(i.__0vsprintf$7) refers to printf7.o(i._printf_core) for _printf_core
    printf7.o(i.__0vsprintf$7) refers to printf7.o(i._sputc) for _sputc
    printf7.o(i._printf_core) refers to printf7.o(i._printf_pre_padding) for _printf_pre_padding
    printf7.o(i._printf_core) refers to printf7.o(i._printf_post_padding) for _printf_post_padding
    printf7.o(i._printf_core) refers to uldiv.o(.text) for __aeabi_uldivmod
    printf8.o(i.__0fprintf$8) refers to printf8.o(i._printf_core) for _printf_core
    printf8.o(i.__0fprintf$8) refers to usart.o(.text) for fputc
    printf8.o(i.__0printf$8) refers to printf8.o(i._printf_core) for _printf_core
    printf8.o(i.__0printf$8) refers to usart.o(.text) for fputc
    printf8.o(i.__0printf$8) refers to stdout.o(.data) for __stdout
    printf8.o(i.__0snprintf$8) refers to printf8.o(i._printf_core) for _printf_core
    printf8.o(i.__0snprintf$8) refers to printf8.o(i._snputc) for _snputc
    printf8.o(i.__0sprintf$8) refers to printf8.o(i._printf_core) for _printf_core
    printf8.o(i.__0sprintf$8) refers to printf8.o(i._sputc) for _sputc
    printf8.o(i.__0vfprintf$8) refers to printf8.o(i._printf_core) for _printf_core
    printf8.o(i.__0vfprintf$8) refers to usart.o(.text) for fputc
    printf8.o(i.__0vprintf$8) refers to printf8.o(i._printf_core) for _printf_core
    printf8.o(i.__0vprintf$8) refers to usart.o(.text) for fputc
    printf8.o(i.__0vprintf$8) refers to stdout.o(.data) for __stdout
    printf8.o(i.__0vsnprintf$8) refers to printf8.o(i._printf_core) for _printf_core
    printf8.o(i.__0vsnprintf$8) refers to printf8.o(i._snputc) for _snputc
    printf8.o(i.__0vsprintf$8) refers to printf8.o(i._printf_core) for _printf_core
    printf8.o(i.__0vsprintf$8) refers to printf8.o(i._sputc) for _sputc
    printf8.o(i._printf_core) refers to printf8.o(i._printf_pre_padding) for _printf_pre_padding
    printf8.o(i._printf_core) refers to printf8.o(i._printf_post_padding) for _printf_post_padding
    printf8.o(i._printf_core) refers to uldiv.o(.text) for __aeabi_uldivmod
    printfa.o(i.__0fprintf) refers (Special) to iusefp.o(.text) for __I$use$fp
    printfa.o(i.__0fprintf) refers to printfa.o(i._printf_core) for _printf_core
    printfa.o(i.__0fprintf) refers to usart.o(.text) for fputc
    printfa.o(i.__0printf) refers (Special) to iusefp.o(.text) for __I$use$fp
    printfa.o(i.__0printf) refers to printfa.o(i._printf_core) for _printf_core
    printfa.o(i.__0printf) refers to usart.o(.text) for fputc
    printfa.o(i.__0printf) refers to stdout.o(.data) for __stdout
    printfa.o(i.__0snprintf) refers (Special) to iusefp.o(.text) for __I$use$fp
    printfa.o(i.__0snprintf) refers to printfa.o(i._printf_core) for _printf_core
    printfa.o(i.__0snprintf) refers to printfa.o(i._snputc) for _snputc
    printfa.o(i.__0sprintf) refers (Special) to iusefp.o(.text) for __I$use$fp
    printfa.o(i.__0sprintf) refers to printfa.o(i._printf_core) for _printf_core
    printfa.o(i.__0sprintf) refers to printfa.o(i._sputc) for _sputc
    printfa.o(i.__0vfprintf) refers (Special) to iusefp.o(.text) for __I$use$fp
    printfa.o(i.__0vfprintf) refers to printfa.o(i._printf_core) for _printf_core
    printfa.o(i.__0vfprintf) refers to usart.o(.text) for fputc
    printfa.o(i.__0vprintf) refers (Special) to iusefp.o(.text) for __I$use$fp
    printfa.o(i.__0vprintf) refers to printfa.o(i._printf_core) for _printf_core
    printfa.o(i.__0vprintf) refers to usart.o(.text) for fputc
    printfa.o(i.__0vprintf) refers to stdout.o(.data) for __stdout
    printfa.o(i.__0vsnprintf) refers (Special) to iusefp.o(.text) for __I$use$fp
    printfa.o(i.__0vsnprintf) refers to printfa.o(i._printf_core) for _printf_core
    printfa.o(i.__0vsnprintf) refers to printfa.o(i._snputc) for _snputc
    printfa.o(i.__0vsprintf) refers (Special) to iusefp.o(.text) for __I$use$fp
    printfa.o(i.__0vsprintf) refers to printfa.o(i._printf_core) for _printf_core
    printfa.o(i.__0vsprintf) refers to printfa.o(i._sputc) for _sputc
    printfa.o(i._fp_digits) refers (Special) to iusefp.o(.text) for __I$use$fp
    printfa.o(i._fp_digits) refers to dmul.o(.text) for __aeabi_dmul
    printfa.o(i._fp_digits) refers to ddiv.o(.text) for __aeabi_ddiv
    printfa.o(i._fp_digits) refers to cdrcmple.o(.text) for __aeabi_cdrcmple
    printfa.o(i._fp_digits) refers to dadd.o(.text) for __aeabi_dadd
    printfa.o(i._fp_digits) refers to dfixul.o(.text) for __aeabi_d2ulz
    printfa.o(i._fp_digits) refers to uldiv.o(.text) for __aeabi_uldivmod
    printfa.o(i._printf_core) refers (Special) to iusefp.o(.text) for __I$use$fp
    printfa.o(i._printf_core) refers to printfa.o(i._printf_pre_padding) for _printf_pre_padding
    printfa.o(i._printf_core) refers to uldiv.o(.text) for __aeabi_uldivmod
    printfa.o(i._printf_core) refers to printfa.o(i._printf_post_padding) for _printf_post_padding
    printfa.o(i._printf_core) refers to printfa.o(i._fp_digits) for _fp_digits
    printfa.o(i._printf_core) refers to uidiv.o(.text) for __aeabi_uidivmod
    printfa.o(i._printf_post_padding) refers (Special) to iusefp.o(.text) for __I$use$fp
    printfa.o(i._printf_pre_padding) refers (Special) to iusefp.o(.text) for __I$use$fp
    printfa.o(i._snputc) refers (Special) to iusefp.o(.text) for __I$use$fp
    printfa.o(i._sputc) refers (Special) to iusefp.o(.text) for __I$use$fp
    entry2.o(.ARM.Collect$$$$00000001) refers to entry2.o(.ARM.Collect$$$$00002712) for __lit__00000000
    entry2.o(.ARM.Collect$$$$00002712) refers to startup_stm32f030.o(STACK) for __initial_sp
    entry2.o(__vectab_stack_and_reset_area) refers to startup_stm32f030.o(STACK) for __initial_sp
    entry2.o(__vectab_stack_and_reset_area) refers to entry.o(.ARM.Collect$$$$00000000) for __main
    entry5.o(.ARM.Collect$$$$00000004) refers to init.o(.text) for __scatterload
    entry9a.o(.ARM.Collect$$$$0000000B) refers to main.o(.text) for main
    entry9b.o(.ARM.Collect$$$$0000000C) refers to main.o(.text) for main
    uldiv.o(.text) refers to llushr.o(.text) for __aeabi_llsr
    uldiv.o(.text) refers to llshl.o(.text) for __aeabi_llsl
    dadd.o(.text) refers to llshl.o(.text) for __aeabi_llsl
    dadd.o(.text) refers to llsshr.o(.text) for __aeabi_lasr
    dadd.o(.text) refers to depilogue.o(.text) for _double_epilogue
    dmul.o(.text) refers to depilogue.o(.text) for _double_epilogue
    ddiv.o(.text) refers to depilogue.o(.text) for _double_round
    dfixul.o(.text) refers to llushr.o(.text) for __aeabi_llsr
    dfixul.o(.text) refers to llshl.o(.text) for __aeabi_llsl
    init.o(.text) refers to entry5.o(.ARM.Collect$$$$00000004) for __main_after_scatterload
    depilogue.o(.text) refers to depilogue.o(i.__ARM_clz) for __ARM_clz
    depilogue.o(.text) refers to llshl.o(.text) for __aeabi_llsl
    depilogue.o(.text) refers to llushr.o(.text) for __aeabi_llsr


==============================================================================

Removing Unused input sections from the image.

    Removing startup_stm32f030.o(HEAP), (512 bytes).
    Removing stm32f0xx_gpio.o(.rev16_text), (4 bytes).
    Removing stm32f0xx_gpio.o(.revsh_text), (4 bytes).
    Removing stm32f0xx_rcc.o(.rev16_text), (4 bytes).
    Removing stm32f0xx_rcc.o(.revsh_text), (4 bytes).
    Removing stm32f0xx_usart.o(.rev16_text), (4 bytes).
    Removing stm32f0xx_usart.o(.revsh_text), (4 bytes).
    Removing stm32f0xx_syscfg.o(.rev16_text), (4 bytes).
    Removing stm32f0xx_syscfg.o(.revsh_text), (4 bytes).
    Removing stm32f0xx_syscfg.o(.text), (240 bytes).
    Removing list.o(.rev16_text), (4 bytes).
    Removing list.o(.revsh_text), (4 bytes).
    Removing queue.o(.rev16_text), (4 bytes).
    Removing queue.o(.revsh_text), (4 bytes).
    Removing timers.o(.rev16_text), (4 bytes).
    Removing timers.o(.revsh_text), (4 bytes).
    Removing tasks.o(.rev16_text), (4 bytes).
    Removing tasks.o(.revsh_text), (4 bytes).
    Removing port.o(.rev16_text), (4 bytes).
    Removing port.o(.revsh_text), (4 bytes).
    Removing heap_2.o(.rev16_text), (4 bytes).
    Removing heap_2.o(.revsh_text), (4 bytes).
    Removing main.o(.rev16_text), (4 bytes).
    Removing main.o(.revsh_text), (4 bytes).
    Removing usart.o(.rev16_text), (4 bytes).
    Removing usart.o(.revsh_text), (4 bytes).
    Removing system_stm32f0xx.o(.rev16_text), (4 bytes).
    Removing system_stm32f0xx.o(.revsh_text), (4 bytes).
    Removing stm32f0xx_it.o(.rev16_text), (4 bytes).
    Removing stm32f0xx_it.o(.revsh_text), (4 bytes).
    Removing dadd.o(.text), (356 bytes).
    Removing dmul.o(.text), (208 bytes).
    Removing ddiv.o(.text), (240 bytes).
    Removing dfixul.o(.text), (64 bytes).
    Removing cdrcmple.o(.text), (40 bytes).
    Removing depilogue.o(.text), (190 bytes).
    Removing depilogue.o(i.__ARM_clz), (46 bytes).

37 unused section(s) (total 2008 bytes) removed from the image.

==============================================================================

Image Symbol Table

    Local Symbols

    Symbol Name                              Value     Ov Type        Size  Object(Section)

    ../clib/microlib/division.c              0x00000000   Number         0  uldiv.o ABSOLUTE
    ../clib/microlib/division.c              0x00000000   Number         0  uidiv.o ABSOLUTE
    ../clib/microlib/init/entry.s            0x00000000   Number         0  entry2.o ABSOLUTE
    ../clib/microlib/init/entry.s            0x00000000   Number         0  entry11b.o ABSOLUTE
    ../clib/microlib/init/entry.s            0x00000000   Number         0  entry5.o ABSOLUTE
    ../clib/microlib/init/entry.s            0x00000000   Number         0  entry11a.o ABSOLUTE
    ../clib/microlib/init/entry.s            0x00000000   Number         0  entry7a.o ABSOLUTE
    ../clib/microlib/init/entry.s            0x00000000   Number         0  entry10a.o ABSOLUTE
    ../clib/microlib/init/entry.s            0x00000000   Number         0  entry9b.o ABSOLUTE
    ../clib/microlib/init/entry.s            0x00000000   Number         0  entry8b.o ABSOLUTE
    ../clib/microlib/init/entry.s            0x00000000   Number         0  entry7b.o ABSOLUTE
    ../clib/microlib/init/entry.s            0x00000000   Number         0  entry9a.o ABSOLUTE
    ../clib/microlib/init/entry.s            0x00000000   Number         0  entry8a.o ABSOLUTE
    ../clib/microlib/init/entry.s            0x00000000   Number         0  entry.o ABSOLUTE
    ../clib/microlib/init/entry.s            0x00000000   Number         0  entry10b.o ABSOLUTE
    ../clib/microlib/longlong.c              0x00000000   Number         0  llsshr.o ABSOLUTE
    ../clib/microlib/longlong.c              0x00000000   Number         0  llushr.o ABSOLUTE
    ../clib/microlib/longlong.c              0x00000000   Number         0  llshl.o ABSOLUTE
    ../clib/microlib/printf/printf.c         0x00000000   Number         0  printf3.o ABSOLUTE
    ../clib/microlib/printf/printf.c         0x00000000   Number         0  printf2.o ABSOLUTE
    ../clib/microlib/printf/printf.c         0x00000000   Number         0  printf1.o ABSOLUTE
    ../clib/microlib/printf/printf.c         0x00000000   Number         0  printf0.o ABSOLUTE
    ../clib/microlib/printf/printf.c         0x00000000   Number         0  printfb.o ABSOLUTE
    ../clib/microlib/printf/printf.c         0x00000000   Number         0  printf6.o ABSOLUTE
    ../clib/microlib/printf/printf.c         0x00000000   Number         0  printfa.o ABSOLUTE
    ../clib/microlib/printf/printf.c         0x00000000   Number         0  printf8.o ABSOLUTE
    ../clib/microlib/printf/printf.c         0x00000000   Number         0  printf7.o ABSOLUTE
    ../clib/microlib/printf/printf.c         0x00000000   Number         0  printf5.o ABSOLUTE
    ../clib/microlib/printf/printf.c         0x00000000   Number         0  printf4.o ABSOLUTE
    ../clib/microlib/printf/stubs.s          0x00000000   Number         0  stubs.o ABSOLUTE
    ../clib/microlib/stdio/streams.c         0x00000000   Number         0  stdout.o ABSOLUTE
    ../clib/microlib/string/memcpy.c         0x00000000   Number         0  memcpya.o ABSOLUTE
    ../clib/microlib/string/memcpy.c         0x00000000   Number         0  memcpyb.o ABSOLUTE
    ../clib/microlib/string/memset.c         0x00000000   Number         0  memseta.o ABSOLUTE
    ../clib/microlib/stubs.s                 0x00000000   Number         0  iusefp.o ABSOLUTE
    ../fplib/microlib/fpadd.c                0x00000000   Number         0  dadd.o ABSOLUTE
    ../fplib/microlib/fpdiv.c                0x00000000   Number         0  ddiv.o ABSOLUTE
    ../fplib/microlib/fpepilogue.c           0x00000000   Number         0  depilogue.o ABSOLUTE
    ../fplib/microlib/fpfix.c                0x00000000   Number         0  dfixul.o ABSOLUTE
    ../fplib/microlib/fpmul.c                0x00000000   Number         0  dmul.o ABSOLUTE
    ..\CMSIS\Source\Templates\arm\startup_stm32f030.s 0x00000000   Number         0  startup_stm32f030.o ABSOLUTE
    ..\FreeRTOS\list.c                       0x00000000   Number         0  list.o ABSOLUTE
    ..\FreeRTOS\portable\MemMang\heap_2.c    0x00000000   Number         0  heap_2.o ABSOLUTE
    ..\FreeRTOS\portable\RVDS\ARM_CM0\port.c 0x00000000   Number         0  port.o ABSOLUTE
    ..\FreeRTOS\queue.c                      0x00000000   Number         0  queue.o ABSOLUTE
    ..\FreeRTOS\tasks.c                      0x00000000   Number         0  tasks.o ABSOLUTE
    ..\FreeRTOS\timers.c                     0x00000000   Number         0  timers.o ABSOLUTE
    ..\STM32F0xx_StdPeriph_Driver\src\stm32f0xx_gpio.c 0x00000000   Number         0  stm32f0xx_gpio.o ABSOLUTE
    ..\STM32F0xx_StdPeriph_Driver\src\stm32f0xx_rcc.c 0x00000000   Number         0  stm32f0xx_rcc.o ABSOLUTE
    ..\STM32F0xx_StdPeriph_Driver\src\stm32f0xx_syscfg.c 0x00000000   Number         0  stm32f0xx_syscfg.o ABSOLUTE
    ..\STM32F0xx_StdPeriph_Driver\src\stm32f0xx_usart.c 0x00000000   Number         0  stm32f0xx_usart.o ABSOLUTE
    ..\USER\main.c                           0x00000000   Number         0  main.o ABSOLUTE
    ..\USER\stm32f0xx_it.c                   0x00000000   Number         0  stm32f0xx_it.o ABSOLUTE
    ..\USER\system_stm32f0xx.c               0x00000000   Number         0  system_stm32f0xx.o ABSOLUTE
    ..\USER\usart.c                          0x00000000   Number         0  usart.o ABSOLUTE
    ..\\FreeRTOS\\list.c                     0x00000000   Number         0  list.o ABSOLUTE
    ..\\FreeRTOS\\portable\\MemMang\\heap_2.c 0x00000000   Number         0  heap_2.o ABSOLUTE
    ..\\FreeRTOS\\portable\\RVDS\\ARM_CM0\\port.c 0x00000000   Number         0  port.o ABSOLUTE
    ..\\FreeRTOS\\queue.c                    0x00000000   Number         0  queue.o ABSOLUTE
    ..\\FreeRTOS\\tasks.c                    0x00000000   Number         0  tasks.o ABSOLUTE
    ..\\FreeRTOS\\timers.c                   0x00000000   Number         0  timers.o ABSOLUTE
    ..\\STM32F0xx_StdPeriph_Driver\\src\\stm32f0xx_gpio.c 0x00000000   Number         0  stm32f0xx_gpio.o ABSOLUTE
    ..\\STM32F0xx_StdPeriph_Driver\\src\\stm32f0xx_rcc.c 0x00000000   Number         0  stm32f0xx_rcc.o ABSOLUTE
    ..\\STM32F0xx_StdPeriph_Driver\\src\\stm32f0xx_syscfg.c 0x00000000   Number         0  stm32f0xx_syscfg.o ABSOLUTE
    ..\\STM32F0xx_StdPeriph_Driver\\src\\stm32f0xx_usart.c 0x00000000   Number         0  stm32f0xx_usart.o ABSOLUTE
    ..\\USER\\main.c                         0x00000000   Number         0  main.o ABSOLUTE
    ..\\USER\\stm32f0xx_it.c                 0x00000000   Number         0  stm32f0xx_it.o ABSOLUTE
    ..\\USER\\system_stm32f0xx.c             0x00000000   Number         0  system_stm32f0xx.o ABSOLUTE
    ..\\USER\\usart.c                        0x00000000   Number         0  usart.o ABSOLUTE
    cdrcmple.s                               0x00000000   Number         0  cdrcmple.o ABSOLUTE
    dc.s                                     0x00000000   Number         0  dc.o ABSOLUTE
    handlers.s                               0x00000000   Number         0  handlers.o ABSOLUTE
    init.s                                   0x00000000   Number         0  init.o ABSOLUTE
    RESET                                    0x08000000   Section      180  startup_stm32f030.o(RESET)
    .ARM.Collect$$$$00000000                 0x080000b4   Section        0  entry.o(.ARM.Collect$$$$00000000)
    .ARM.Collect$$$$00000001                 0x080000b4   Section        4  entry2.o(.ARM.Collect$$$$00000001)
    .ARM.Collect$$$$00000004                 0x080000b8   Section        4  entry5.o(.ARM.Collect$$$$00000004)
    .ARM.Collect$$$$00000008                 0x080000bc   Section        0  entry7b.o(.ARM.Collect$$$$00000008)
    .ARM.Collect$$$$0000000A                 0x080000bc   Section        0  entry8b.o(.ARM.Collect$$$$0000000A)
    .ARM.Collect$$$$0000000B                 0x080000bc   Section        8  entry9a.o(.ARM.Collect$$$$0000000B)
    .ARM.Collect$$$$0000000D                 0x080000c4   Section        0  entry10a.o(.ARM.Collect$$$$0000000D)
    .ARM.Collect$$$$0000000F                 0x080000c4   Section        0  entry11a.o(.ARM.Collect$$$$0000000F)
    .ARM.Collect$$$$00002712                 0x080000c4   Section        4  entry2.o(.ARM.Collect$$$$00002712)
    __lit__00000000                          0x080000c4   Data           4  entry2.o(.ARM.Collect$$$$00002712)
    .emb_text                                0x080000c8   Section      112  port.o(.emb_text)
    .text                                    0x08000138   Section       28  startup_stm32f030.o(.text)
    .text                                    0x08000154   Section        0  stm32f0xx_gpio.o(.text)
    .text                                    0x08000344   Section        0  stm32f0xx_rcc.o(.text)
    .text                                    0x0800093c   Section        0  stm32f0xx_usart.o(.text)
    .text                                    0x08000e88   Section        0  list.o(.text)
    .text                                    0x08000f20   Section        0  queue.o(.text)
    prvUnlockQueue                           0x08000ffb   Thumb Code   138  queue.o(.text)
    prvIsQueueFull                           0x08001085   Thumb Code    30  queue.o(.text)
    prvCopyDataToQueue                       0x080010a3   Thumb Code   126  queue.o(.text)
    prvIsQueueEmpty                          0x080012d9   Thumb Code    28  queue.o(.text)
    prvCopyDataFromQueue                     0x080012f5   Thumb Code    44  queue.o(.text)
    .text                                    0x080017e8   Section        0  timers.o(.text)
    prvInsertTimerInActiveList               0x080017e9   Thumb Code    76  timers.o(.text)
    prvSwitchTimerLists                      0x08001899   Thumb Code   134  timers.o(.text)
    prvSampleTimeNow                         0x0800191f   Thumb Code    44  timers.o(.text)
    prvProcessReceivedCommands               0x0800194b   Thumb Code   204  timers.o(.text)
    prvProcessExpiredTimer                   0x08001a17   Thumb Code    82  timers.o(.text)
    prvProcessTimerOrBlockTask               0x08001a69   Thumb Code    76  timers.o(.text)
    prvGetNextExpireTime                     0x08001ab5   Thumb Code    40  timers.o(.text)
    prvTimerTask                             0x08001add   Thumb Code    26  timers.o(.text)
    prvCheckForValidListAndQueue             0x08001af7   Thumb Code    58  timers.o(.text)
    .text                                    0x08001c0c   Section        0  tasks.o(.text)
    prvInitialiseTaskLists                   0x08001c0d   Thumb Code    68  tasks.o(.text)
    prvInitialiseTCBVariables                0x08001c51   Thumb Code    78  tasks.o(.text)
    prvAllocateTCBAndStack                   0x08001c9f   Thumb Code    64  tasks.o(.text)
    prvAddCurrentTaskToDelayedList           0x080020ad   Thumb Code    62  tasks.o(.text)
    prvDeleteTCB                             0x080024db   Thumb Code    18  tasks.o(.text)
    prvCheckTasksWaitingTermination          0x080024ed   Thumb Code    90  tasks.o(.text)
    prvIdleTask                              0x08002547   Thumb Code    20  tasks.o(.text)
    prvTaskCheckFreeStackSpace               0x080025e1   Thumb Code    22  tasks.o(.text)
    prvListTaskWithinSingleList              0x080025f7   Thumb Code   156  tasks.o(.text)
    .text                                    0x080029e0   Section        0  port.o(.text)
    prvTaskExitError                         0x080029e1   Thumb Code    32  port.o(.text)
    prvSetupTimerInterrupt                   0x08002a1d   Thumb Code    26  port.o(.text)
    .text                                    0x08002adc   Section        0  heap_2.o(.text)
    prvHeapInit                              0x08002add   Thumb Code    38  heap_2.o(.text)
    .text                                    0x08002c04   Section        0  main.o(.text)
    NVIC_SetPriority                         0x08002d11   Thumb Code   110  main.o(.text)
    .text                                    0x08002e0c   Section        0  usart.o(.text)
    .text                                    0x08002ec8   Section        0  system_stm32f0xx.o(.text)
    SetSysClock                              0x08002ec9   Thumb Code   206  system_stm32f0xx.o(.text)
    .text                                    0x080030c0   Section        0  stm32f0xx_it.o(.text)
    .text                                    0x080030c6   Section        0  uidiv.o(.text)
    .text                                    0x080030f2   Section        0  memcpya.o(.text)
    .text                                    0x08003116   Section        0  memseta.o(.text)
    .text                                    0x0800313c   Section       36  init.o(.text)
    i.__0printf$1                            0x08003160   Section        0  printf1.o(i.__0printf$1)
    i.__scatterload_copy                     0x08003180   Section       14  handlers.o(i.__scatterload_copy)
    i.__scatterload_null                     0x0800318e   Section        2  handlers.o(i.__scatterload_null)
    i.__scatterload_zeroinit                 0x08003190   Section       14  handlers.o(i.__scatterload_zeroinit)
    i._printf_core                           0x080031a0   Section        0  printf1.o(i._printf_core)
    _printf_core                             0x080031a1   Thumb Code   332  printf1.o(i._printf_core)
    .data                                    0x20000000   Section       16  stm32f0xx_rcc.o(.data)
    APBAHBPrescTable                         0x20000000   Data          16  stm32f0xx_rcc.o(.data)
    .data                                    0x20000010   Section       16  timers.o(.data)
    pxCurrentTimerList                       0x20000010   Data           4  timers.o(.data)
    pxOverflowTimerList                      0x20000014   Data           4  timers.o(.data)
    xTimerQueue                              0x20000018   Data           4  timers.o(.data)
    xLastTime                                0x2000001c   Data           4  timers.o(.data)
    .data                                    0x20000020   Section       56  tasks.o(.data)
    pxDelayedTaskList                        0x20000024   Data           4  tasks.o(.data)
    pxOverflowDelayedTaskList                0x20000028   Data           4  tasks.o(.data)
    uxTasksDeleted                           0x2000002c   Data           4  tasks.o(.data)
    uxCurrentNumberOfTasks                   0x20000030   Data           4  tasks.o(.data)
    xTickCount                               0x20000034   Data           4  tasks.o(.data)
    uxTopReadyPriority                       0x20000038   Data           4  tasks.o(.data)
    xSchedulerRunning                        0x2000003c   Data           4  tasks.o(.data)
    uxSchedulerSuspended                     0x20000040   Data           4  tasks.o(.data)
    uxPendedTicks                            0x20000044   Data           4  tasks.o(.data)
    xYieldPending                            0x20000048   Data           4  tasks.o(.data)
    xNumOfOverflows                          0x2000004c   Data           4  tasks.o(.data)
    uxTaskNumber                             0x20000050   Data           4  tasks.o(.data)
    xNextTaskUnblockTime                     0x20000054   Data           4  tasks.o(.data)
    .data                                    0x20000058   Section        4  port.o(.data)
    uxCriticalNesting                        0x20000058   Data           4  port.o(.data)
    .data                                    0x2000005c   Section       24  heap_2.o(.data)
    xStart                                   0x2000005c   Data           8  heap_2.o(.data)
    xEnd                                     0x20000064   Data           8  heap_2.o(.data)
    xFreeBytesRemaining                      0x2000006c   Data           4  heap_2.o(.data)
    xHeapHasBeenInitialised                  0x20000070   Data           4  heap_2.o(.data)
    .data                                    0x20000074   Section       20  system_stm32f0xx.o(.data)
    .data                                    0x20000088   Section        4  stdout.o(.data)
    .bss                                     0x2000008c   Section       64  queue.o(.bss)
    .bss                                     0x200000cc   Section       40  timers.o(.bss)
    xActiveTimerList1                        0x200000cc   Data          20  timers.o(.bss)
    xActiveTimerList2                        0x200000e0   Data          20  timers.o(.bss)
    .bss                                     0x200000f4   Section      200  tasks.o(.bss)
    pxReadyTasksLists                        0x200000f4   Data         100  tasks.o(.bss)
    xDelayedTaskList1                        0x20000158   Data          20  tasks.o(.bss)
    xDelayedTaskList2                        0x2000016c   Data          20  tasks.o(.bss)
    xPendingReadyList                        0x20000180   Data          20  tasks.o(.bss)
    xTasksWaitingTermination                 0x20000194   Data          20  tasks.o(.bss)
    xSuspendedTaskList                       0x200001a8   Data          20  tasks.o(.bss)
    .bss                                     0x200001bc   Section     6500  heap_2.o(.bss)
    ucHeap                                   0x200001bc   Data        6500  heap_2.o(.bss)
    STACK                                    0x20001b20   Section     1024  startup_stm32f030.o(STACK)

    Global Symbols

    Symbol Name                              Value     Ov Type        Size  Object(Section)

    BuildAttributes$$THM_ISAv3M$S$PE$A:L22$X:L11$S22$IEEE1$IW$USESV6$~STKCKD$USESV7$~SHL$OSPACE$ROPI$EBA8$MICROLIB$REQ8$PRES8$EABIv2 0x00000000   Number         0  anon$$obj.o ABSOLUTE
    __ARM_use_no_argv                        0x00000000   Number         0  main.o ABSOLUTE
    _printf_a                                0x00000000   Number         0  stubs.o ABSOLUTE
    _printf_c                                0x00000000   Number         0  stubs.o ABSOLUTE
    _printf_charcount                        0x00000000   Number         0  stubs.o ABSOLUTE
    _printf_d                                0x00000000   Number         0  stubs.o ABSOLUTE
    _printf_e                                0x00000000   Number         0  stubs.o ABSOLUTE
    _printf_f                                0x00000000   Number         0  stubs.o ABSOLUTE
    _printf_flags                            0x00000000   Number         0  stubs.o ABSOLUTE
    _printf_fp_dec                           0x00000000   Number         0  stubs.o ABSOLUTE
    _printf_fp_hex                           0x00000000   Number         0  stubs.o ABSOLUTE
    _printf_g                                0x00000000   Number         0  stubs.o ABSOLUTE
    _printf_i                                0x00000000   Number         0  stubs.o ABSOLUTE
    _printf_int_dec                          0x00000000   Number         0  stubs.o ABSOLUTE
    _printf_l                                0x00000000   Number         0  stubs.o ABSOLUTE
    _printf_lc                               0x00000000   Number         0  stubs.o ABSOLUTE
    _printf_ll                               0x00000000   Number         0  stubs.o ABSOLUTE
    _printf_lld                              0x00000000   Number         0  stubs.o ABSOLUTE
    _printf_lli                              0x00000000   Number         0  stubs.o ABSOLUTE
    _printf_llo                              0x00000000   Number         0  stubs.o ABSOLUTE
    _printf_llu                              0x00000000   Number         0  stubs.o ABSOLUTE
    _printf_llx                              0x00000000   Number         0  stubs.o ABSOLUTE
    _printf_longlong_dec                     0x00000000   Number         0  stubs.o ABSOLUTE
    _printf_longlong_hex                     0x00000000   Number         0  stubs.o ABSOLUTE
    _printf_longlong_oct                     0x00000000   Number         0  stubs.o ABSOLUTE
    _printf_ls                               0x00000000   Number         0  stubs.o ABSOLUTE
    _printf_mbtowc                           0x00000000   Number         0  stubs.o ABSOLUTE
    _printf_n                                0x00000000   Number         0  stubs.o ABSOLUTE
    _printf_o                                0x00000000   Number         0  stubs.o ABSOLUTE
    _printf_p                                0x00000000   Number         0  stubs.o ABSOLUTE
    _printf_percent                          0x00000000   Number         0  stubs.o ABSOLUTE
    _printf_pre_padding                      0x00000000   Number         0  stubs.o ABSOLUTE
    _printf_return_value                     0x00000000   Number         0  stubs.o ABSOLUTE
    _printf_s                                0x00000000   Number         0  stubs.o ABSOLUTE
    _printf_sizespec                         0x00000000   Number         0  stubs.o ABSOLUTE
    _printf_str                              0x00000000   Number         0  stubs.o ABSOLUTE
    _printf_truncate_signed                  0x00000000   Number         0  stubs.o ABSOLUTE
    _printf_truncate_unsigned                0x00000000   Number         0  stubs.o ABSOLUTE
    _printf_u                                0x00000000   Number         0  stubs.o ABSOLUTE
    _printf_wc                               0x00000000   Number         0  stubs.o ABSOLUTE
    _printf_wctomb                           0x00000000   Number         0  stubs.o ABSOLUTE
    _printf_widthprec                        0x00000000   Number         0  stubs.o ABSOLUTE
    _printf_x                                0x00000000   Number         0  stubs.o ABSOLUTE
    __cpp_initialize__aeabi_                  - Undefined Weak Reference
    __cxa_finalize                            - Undefined Weak Reference
    __decompress                              - Undefined Weak Reference
    _clock_init                               - Undefined Weak Reference
    _microlib_exit                            - Undefined Weak Reference
    __Vectors_Size                           0x000000b4   Number         0  startup_stm32f030.o ABSOLUTE
    __Vectors                                0x08000000   Data           4  startup_stm32f030.o(RESET)
    __Vectors_End                            0x080000b4   Data           0  startup_stm32f030.o(RESET)
    __main                                   0x080000b5   Thumb Code     0  entry.o(.ARM.Collect$$$$00000000)
    _main_stk                                0x080000b5   Thumb Code     0  entry2.o(.ARM.Collect$$$$00000001)
    _main_scatterload                        0x080000b9   Thumb Code     0  entry5.o(.ARM.Collect$$$$00000004)
    __main_after_scatterload                 0x080000bd   Thumb Code     0  entry5.o(.ARM.Collect$$$$00000004)
    _main_clock                              0x080000bd   Thumb Code     0  entry7b.o(.ARM.Collect$$$$00000008)
    _main_cpp_init                           0x080000bd   Thumb Code     0  entry8b.o(.ARM.Collect$$$$0000000A)
    _main_init                               0x080000bd   Thumb Code     0  entry9a.o(.ARM.Collect$$$$0000000B)
    __rt_final_cpp                           0x080000c5   Thumb Code     0  entry10a.o(.ARM.Collect$$$$0000000D)
    __rt_final_exit                          0x080000c5   Thumb Code     0  entry11a.o(.ARM.Collect$$$$0000000F)
    __asm___6_port_c_39a90d8d__prvPortStartFirstTask 0x080000c9   Thumb Code    28  port.o(.emb_text)
    ulSetInterruptMaskFromISR                0x080000e9   Thumb Code     8  port.o(.emb_text)
    vClearInterruptMaskFromISR               0x080000f1   Thumb Code     6  port.o(.emb_text)
    PendSV_Handler                           0x080000f7   Thumb Code    62  port.o(.emb_text)
    Reset_Handler                            0x08000139   Thumb Code     8  startup_stm32f030.o(.text)
    ADC1_IRQHandler                          0x0800014b   Thumb Code     0  startup_stm32f030.o(.text)
    DMA1_Channel1_IRQHandler                 0x0800014b   Thumb Code     0  startup_stm32f030.o(.text)
    DMA1_Channel2_3_IRQHandler               0x0800014b   Thumb Code     0  startup_stm32f030.o(.text)
    DMA1_Channel4_5_IRQHandler               0x0800014b   Thumb Code     0  startup_stm32f030.o(.text)
    EXTI0_1_IRQHandler                       0x0800014b   Thumb Code     0  startup_stm32f030.o(.text)
    EXTI2_3_IRQHandler                       0x0800014b   Thumb Code     0  startup_stm32f030.o(.text)
    EXTI4_15_IRQHandler                      0x0800014b   Thumb Code     0  startup_stm32f030.o(.text)
    FLASH_IRQHandler                         0x0800014b   Thumb Code     0  startup_stm32f030.o(.text)
    I2C1_IRQHandler                          0x0800014b   Thumb Code     0  startup_stm32f030.o(.text)
    I2C2_IRQHandler                          0x0800014b   Thumb Code     0  startup_stm32f030.o(.text)
    RCC_IRQHandler                           0x0800014b   Thumb Code     0  startup_stm32f030.o(.text)
    RTC_IRQHandler                           0x0800014b   Thumb Code     0  startup_stm32f030.o(.text)
    SPI1_IRQHandler                          0x0800014b   Thumb Code     0  startup_stm32f030.o(.text)
    SPI2_IRQHandler                          0x0800014b   Thumb Code     0  startup_stm32f030.o(.text)
    TIM14_IRQHandler                         0x0800014b   Thumb Code     0  startup_stm32f030.o(.text)
    TIM15_IRQHandler                         0x0800014b   Thumb Code     0  startup_stm32f030.o(.text)
    TIM16_IRQHandler                         0x0800014b   Thumb Code     0  startup_stm32f030.o(.text)
    TIM17_IRQHandler                         0x0800014b   Thumb Code     0  startup_stm32f030.o(.text)
    TIM1_BRK_UP_TRG_COM_IRQHandler           0x0800014b   Thumb Code     0  startup_stm32f030.o(.text)
    TIM1_CC_IRQHandler                       0x0800014b   Thumb Code     0  startup_stm32f030.o(.text)
    TIM3_IRQHandler                          0x0800014b   Thumb Code     0  startup_stm32f030.o(.text)
    USART1_IRQHandler                        0x0800014b   Thumb Code     0  startup_stm32f030.o(.text)
    USART2_IRQHandler                        0x0800014b   Thumb Code     0  startup_stm32f030.o(.text)
    WWDG_IRQHandler                          0x0800014b   Thumb Code     0  startup_stm32f030.o(.text)
    GPIO_DeInit                              0x08000155   Thumb Code   132  stm32f0xx_gpio.o(.text)
    GPIO_Init                                0x080001d9   Thumb Code   144  stm32f0xx_gpio.o(.text)
    GPIO_StructInit                          0x08000269   Thumb Code    20  stm32f0xx_gpio.o(.text)
    GPIO_PinLockConfig                       0x0800027d   Thumb Code    34  stm32f0xx_gpio.o(.text)
    GPIO_ReadInputDataBit                    0x0800029f   Thumb Code    20  stm32f0xx_gpio.o(.text)
    GPIO_ReadInputData                       0x080002b3   Thumb Code     6  stm32f0xx_gpio.o(.text)
    GPIO_ReadOutputDataBit                   0x080002b9   Thumb Code    20  stm32f0xx_gpio.o(.text)
    GPIO_ReadOutputData                      0x080002cd   Thumb Code     6  stm32f0xx_gpio.o(.text)
    GPIO_SetBits                             0x080002d3   Thumb Code     4  stm32f0xx_gpio.o(.text)
    GPIO_ResetBits                           0x080002d7   Thumb Code     4  stm32f0xx_gpio.o(.text)
    GPIO_WriteBit                            0x080002db   Thumb Code    12  stm32f0xx_gpio.o(.text)
    GPIO_Write                               0x080002e7   Thumb Code     4  stm32f0xx_gpio.o(.text)
    GPIO_PinAFConfig                         0x080002eb   Thumb Code    68  stm32f0xx_gpio.o(.text)
    RCC_DeInit                               0x08000345   Thumb Code   104  stm32f0xx_rcc.o(.text)
    RCC_HSEConfig                            0x080003ad   Thumb Code    12  stm32f0xx_rcc.o(.text)
    RCC_GetFlagStatus                        0x080003b9   Thumb Code    68  stm32f0xx_rcc.o(.text)
    RCC_WaitForHSEStartUp                    0x080003fd   Thumb Code    60  stm32f0xx_rcc.o(.text)
    RCC_AdjustHSICalibrationValue            0x08000439   Thumb Code    26  stm32f0xx_rcc.o(.text)
    RCC_HSICmd                               0x08000453   Thumb Code    32  stm32f0xx_rcc.o(.text)
    RCC_AdjustHSI14CalibrationValue          0x08000473   Thumb Code    26  stm32f0xx_rcc.o(.text)
    RCC_HSI14Cmd                             0x0800048d   Thumb Code    32  stm32f0xx_rcc.o(.text)
    RCC_HSI14ADCRequestCmd                   0x080004ad   Thumb Code    32  stm32f0xx_rcc.o(.text)
    RCC_LSEConfig                            0x080004cd   Thumb Code    34  stm32f0xx_rcc.o(.text)
    RCC_LSEDriveConfig                       0x080004ef   Thumb Code    22  stm32f0xx_rcc.o(.text)
    RCC_LSICmd                               0x08000505   Thumb Code    32  stm32f0xx_rcc.o(.text)
    RCC_PLLConfig                            0x08000525   Thumb Code    30  stm32f0xx_rcc.o(.text)
    RCC_PLLCmd                               0x08000543   Thumb Code    36  stm32f0xx_rcc.o(.text)
    RCC_PREDIV1Config                        0x08000567   Thumb Code    24  stm32f0xx_rcc.o(.text)
    RCC_ClockSecuritySystemCmd               0x0800057f   Thumb Code    36  stm32f0xx_rcc.o(.text)
    RCC_MCOConfig                            0x080005a3   Thumb Code     6  stm32f0xx_rcc.o(.text)
    RCC_SYSCLKConfig                         0x080005a9   Thumb Code    24  stm32f0xx_rcc.o(.text)
    RCC_GetSYSCLKSource                      0x080005c1   Thumb Code    10  stm32f0xx_rcc.o(.text)
    RCC_HCLKConfig                           0x080005cb   Thumb Code    28  stm32f0xx_rcc.o(.text)
    RCC_PCLKConfig                           0x080005e7   Thumb Code    30  stm32f0xx_rcc.o(.text)
    RCC_ADCCLKConfig                         0x08000605   Thumb Code    52  stm32f0xx_rcc.o(.text)
    RCC_CECCLKConfig                         0x08000639   Thumb Code    22  stm32f0xx_rcc.o(.text)
    RCC_I2CCLKConfig                         0x0800064f   Thumb Code    22  stm32f0xx_rcc.o(.text)
    RCC_USARTCLKConfig                       0x08000665   Thumb Code    22  stm32f0xx_rcc.o(.text)
    RCC_GetClocksFreq                        0x0800067b   Thumb Code   368  stm32f0xx_rcc.o(.text)
    RCC_RTCCLKConfig                         0x080007eb   Thumb Code    12  stm32f0xx_rcc.o(.text)
    RCC_RTCCLKCmd                            0x080007f7   Thumb Code    36  stm32f0xx_rcc.o(.text)
    RCC_BackupResetCmd                       0x0800081b   Thumb Code    36  stm32f0xx_rcc.o(.text)
    RCC_AHBPeriphClockCmd                    0x0800083f   Thumb Code    28  stm32f0xx_rcc.o(.text)
    RCC_APB2PeriphClockCmd                   0x0800085b   Thumb Code    28  stm32f0xx_rcc.o(.text)
    RCC_APB1PeriphClockCmd                   0x08000877   Thumb Code    28  stm32f0xx_rcc.o(.text)
    RCC_AHBPeriphResetCmd                    0x08000893   Thumb Code    28  stm32f0xx_rcc.o(.text)
    RCC_APB2PeriphResetCmd                   0x080008af   Thumb Code    28  stm32f0xx_rcc.o(.text)
    RCC_APB1PeriphResetCmd                   0x080008cb   Thumb Code    28  stm32f0xx_rcc.o(.text)
    RCC_ITConfig                             0x080008e7   Thumb Code    28  stm32f0xx_rcc.o(.text)
    RCC_ClearFlag                            0x08000903   Thumb Code    16  stm32f0xx_rcc.o(.text)
    RCC_GetITStatus                          0x08000913   Thumb Code    22  stm32f0xx_rcc.o(.text)
    RCC_ClearITPendingBit                    0x08000929   Thumb Code     6  stm32f0xx_rcc.o(.text)
    USART_DeInit                             0x0800093d   Thumb Code    56  stm32f0xx_usart.o(.text)
    USART_Init                               0x08000975   Thumb Code   202  stm32f0xx_usart.o(.text)
    USART_StructInit                         0x08000a3f   Thumb Code    24  stm32f0xx_usart.o(.text)
    USART_ClockInit                          0x08000a57   Thumb Code    36  stm32f0xx_usart.o(.text)
    USART_ClockStructInit                    0x08000a7b   Thumb Code    12  stm32f0xx_usart.o(.text)
    USART_Cmd                                0x08000a87   Thumb Code    24  stm32f0xx_usart.o(.text)
    USART_DirectionModeCmd                   0x08000a9f   Thumb Code    20  stm32f0xx_usart.o(.text)
    USART_OverSampling8Cmd                   0x08000ab3   Thumb Code    28  stm32f0xx_usart.o(.text)
    USART_OneBitMethodCmd                    0x08000acf   Thumb Code    28  stm32f0xx_usart.o(.text)
    USART_MSBFirstCmd                        0x08000aeb   Thumb Code    28  stm32f0xx_usart.o(.text)
    USART_DataInvCmd                         0x08000b07   Thumb Code    28  stm32f0xx_usart.o(.text)
    USART_InvPinCmd                          0x08000b23   Thumb Code    20  stm32f0xx_usart.o(.text)
    USART_SWAPPinCmd                         0x08000b37   Thumb Code    28  stm32f0xx_usart.o(.text)
    USART_ReceiverTimeOutCmd                 0x08000b53   Thumb Code    28  stm32f0xx_usart.o(.text)
    USART_SetReceiverTimeOut                 0x08000b6f   Thumb Code    16  stm32f0xx_usart.o(.text)
    USART_SetPrescaler                       0x08000b7f   Thumb Code    18  stm32f0xx_usart.o(.text)
    USART_STOPModeCmd                        0x08000b91   Thumb Code    24  stm32f0xx_usart.o(.text)
    USART_StopModeWakeUpSourceConfig         0x08000ba9   Thumb Code    18  stm32f0xx_usart.o(.text)
    USART_AutoBaudRateCmd                    0x08000bbb   Thumb Code    28  stm32f0xx_usart.o(.text)
    USART_AutoBaudRateConfig                 0x08000bd7   Thumb Code    18  stm32f0xx_usart.o(.text)
    USART_SendData                           0x08000be9   Thumb Code     8  stm32f0xx_usart.o(.text)
    USART_ReceiveData                        0x08000bf1   Thumb Code    10  stm32f0xx_usart.o(.text)
    USART_SetAddress                         0x08000bfb   Thumb Code    18  stm32f0xx_usart.o(.text)
    USART_MuteModeCmd                        0x08000c0d   Thumb Code    28  stm32f0xx_usart.o(.text)
    USART_MuteModeWakeUpConfig               0x08000c29   Thumb Code    18  stm32f0xx_usart.o(.text)
    USART_AddressDetectionConfig             0x08000c3b   Thumb Code    16  stm32f0xx_usart.o(.text)
    USART_LINBreakDetectLengthConfig         0x08000c4b   Thumb Code    16  stm32f0xx_usart.o(.text)
    USART_LINCmd                             0x08000c5b   Thumb Code    28  stm32f0xx_usart.o(.text)
    USART_HalfDuplexCmd                      0x08000c77   Thumb Code    24  stm32f0xx_usart.o(.text)
    USART_SetGuardTime                       0x08000c8f   Thumb Code    16  stm32f0xx_usart.o(.text)
    USART_SmartCardCmd                       0x08000c9f   Thumb Code    24  stm32f0xx_usart.o(.text)
    USART_SmartCardNACKCmd                   0x08000cb7   Thumb Code    24  stm32f0xx_usart.o(.text)
    USART_SetAutoRetryCount                  0x08000ccf   Thumb Code    20  stm32f0xx_usart.o(.text)
    USART_SetBlockLength                     0x08000ce3   Thumb Code    18  stm32f0xx_usart.o(.text)
    USART_IrDAConfig                         0x08000cf5   Thumb Code    16  stm32f0xx_usart.o(.text)
    USART_IrDACmd                            0x08000d05   Thumb Code    40  stm32f0xx_usart.o(.text)
    USART_DECmd                              0x08000d2d   Thumb Code    28  stm32f0xx_usart.o(.text)
    USART_DEPolarityConfig                   0x08000d49   Thumb Code    18  stm32f0xx_usart.o(.text)
    USART_SetDEAssertionTime                 0x08000d5b   Thumb Code    20  stm32f0xx_usart.o(.text)
    USART_SetDEDeassertionTime               0x08000d6f   Thumb Code    20  stm32f0xx_usart.o(.text)
    USART_DMACmd                             0x08000d83   Thumb Code    20  stm32f0xx_usart.o(.text)
    USART_DMAReceptionErrorConfig            0x08000d97   Thumb Code    18  stm32f0xx_usart.o(.text)
    USART_ITConfig                           0x08000da9   Thumb Code    66  stm32f0xx_usart.o(.text)
    USART_RequestCmd                         0x08000deb   Thumb Code    20  stm32f0xx_usart.o(.text)
    USART_OverrunDetectionConfig             0x08000dff   Thumb Code    18  stm32f0xx_usart.o(.text)
    USART_GetFlagStatus                      0x08000e11   Thumb Code    20  stm32f0xx_usart.o(.text)
    USART_ClearFlag                          0x08000e25   Thumb Code     4  stm32f0xx_usart.o(.text)
    USART_GetITStatus                        0x08000e29   Thumb Code    78  stm32f0xx_usart.o(.text)
    USART_ClearITPendingBit                  0x08000e77   Thumb Code    18  stm32f0xx_usart.o(.text)
    vListInitialise                          0x08000e89   Thumb Code    26  list.o(.text)
    vListInitialiseItem                      0x08000ea3   Thumb Code     6  list.o(.text)
    vListInsertEnd                           0x08000ea9   Thumb Code    24  list.o(.text)
    vListInsert                              0x08000ec1   Thumb Code    54  list.o(.text)
    uxListRemove                             0x08000ef7   Thumb Code    40  list.o(.text)
    xQueueGenericReset                       0x08000f21   Thumb Code   126  queue.o(.text)
    xQueueGenericCreate                      0x08000f9f   Thumb Code    92  queue.o(.text)
    xQueueGenericSend                        0x08001121   Thumb Code   292  queue.o(.text)
    xQueueCreateMutex                        0x08001245   Thumb Code    88  queue.o(.text)
    xQueueGiveMutexRecursive                 0x0800129d   Thumb Code    60  queue.o(.text)
    xQueueGenericReceive                     0x08001321   Thumb Code   338  queue.o(.text)
    xQueueTakeMutexRecursive                 0x08001473   Thumb Code    66  queue.o(.text)
    xQueueCreateCountingSemaphore            0x080014b5   Thumb Code    78  queue.o(.text)
    xQueueGenericSendFromISR                 0x08001503   Thumb Code   178  queue.o(.text)
    xQueueReceiveFromISR                     0x080015b5   Thumb Code   144  queue.o(.text)
    xQueuePeekFromISR                        0x08001645   Thumb Code    86  queue.o(.text)
    uxQueueMessagesWaiting                   0x0800169b   Thumb Code    28  queue.o(.text)
    uxQueueSpacesAvailable                   0x080016b7   Thumb Code    34  queue.o(.text)
    uxQueueMessagesWaitingFromISR            0x080016d9   Thumb Code    16  queue.o(.text)
    vQueueUnregisterQueue                    0x080016e9   Thumb Code    40  queue.o(.text)
    vQueueDelete                             0x08001711   Thumb Code    36  queue.o(.text)
    ucQueueGetQueueNumber                    0x08001735   Thumb Code     8  queue.o(.text)
    vQueueSetQueueNumber                     0x0800173d   Thumb Code     6  queue.o(.text)
    ucQueueGetQueueType                      0x08001743   Thumb Code     8  queue.o(.text)
    xQueueIsQueueEmptyFromISR                0x0800174b   Thumb Code    26  queue.o(.text)
    xQueueIsQueueFullFromISR                 0x08001765   Thumb Code    28  queue.o(.text)
    vQueueAddToRegistry                      0x08001781   Thumb Code    40  queue.o(.text)
    vQueueWaitForMessageRestricted           0x080017a9   Thumb Code    60  queue.o(.text)
    xTimerGenericCommand                     0x08001835   Thumb Code   100  timers.o(.text)
    xTimerCreateTimerTask                    0x08001b31   Thumb Code    58  timers.o(.text)
    xTimerCreate                             0x08001b6b   Thumb Code    80  timers.o(.text)
    xTimerIsTimerActive                      0x08001bbb   Thumb Code    36  timers.o(.text)
    pvTimerGetTimerID                        0x08001bdf   Thumb Code     8  timers.o(.text)
    xTaskGenericCreate                       0x08001cdf   Thumb Code   288  tasks.o(.text)
    vTaskDelete                              0x08001dff   Thumb Code    96  tasks.o(.text)
    xTaskIncrementTick                       0x08001e5f   Thumb Code   306  tasks.o(.text)
    xTaskResumeAll                           0x08001f91   Thumb Code   284  tasks.o(.text)
    vTaskSuspendAll                          0x080020eb   Thumb Code    12  tasks.o(.text)
    vTaskDelayUntil                          0x080020f7   Thumb Code   136  tasks.o(.text)
    vTaskDelay                               0x0800217f   Thumb Code    52  tasks.o(.text)
    uxTaskPriorityGet                        0x080021b3   Thumb Code    32  tasks.o(.text)
    vTaskPrioritySet                         0x080021d3   Thumb Code   204  tasks.o(.text)
    vTaskSwitchContext                       0x0800229f   Thumb Code   120  tasks.o(.text)
    vTaskSuspend                             0x08002317   Thumb Code   102  tasks.o(.text)
    xTaskIsTaskSuspended                     0x0800237d   Thumb Code    74  tasks.o(.text)
    vTaskResume                              0x080023c7   Thumb Code   102  tasks.o(.text)
    xTaskResumeFromISR                       0x0800242d   Thumb Code   174  tasks.o(.text)
    vTaskStartScheduler                      0x0800255b   Thumb Code    72  tasks.o(.text)
    vTaskEndScheduler                        0x080025a3   Thumb Code    16  tasks.o(.text)
    xTaskGetTickCount                        0x080025b3   Thumb Code    18  tasks.o(.text)
    xTaskGetTickCountFromISR                 0x080025c5   Thumb Code    22  tasks.o(.text)
    uxTaskGetNumberOfTasks                   0x080025db   Thumb Code     6  tasks.o(.text)
    uxTaskGetSystemState                     0x08002693   Thumb Code   128  tasks.o(.text)
    vTaskPlaceOnEventList                    0x08002713   Thumb Code    72  tasks.o(.text)
    vTaskPlaceOnEventListRestricted          0x0800275b   Thumb Code    52  tasks.o(.text)
    xTaskRemoveFromEventList                 0x0800278f   Thumb Code   112  tasks.o(.text)
    vTaskSetTimeOutState                     0x080027ff   Thumb Code    24  tasks.o(.text)
    xTaskCheckForTimeOut                     0x08002817   Thumb Code   178  tasks.o(.text)
    vTaskMissedYield                         0x080028c9   Thumb Code     8  tasks.o(.text)
    uxTaskGetTaskNumber                      0x080028d1   Thumb Code    16  tasks.o(.text)
    vTaskSetTaskNumber                       0x080028e1   Thumb Code    10  tasks.o(.text)
    xTaskGetCurrentTaskHandle                0x080028eb   Thumb Code     6  tasks.o(.text)
    xTaskGetSchedulerState                   0x080028f1   Thumb Code    28  tasks.o(.text)
    vTaskPriorityInherit                     0x0800290d   Thumb Code   118  tasks.o(.text)
    vTaskPriorityDisinherit                  0x08002983   Thumb Code    70  tasks.o(.text)
    pxPortInitialiseStack                    0x08002a01   Thumb Code    26  port.o(.text)
    SVC_Handler                              0x08002a1b   Thumb Code     2  port.o(.text)
    xPortStartScheduler                      0x08002a37   Thumb Code    48  port.o(.text)
    vPortEndScheduler                        0x08002a67   Thumb Code     2  port.o(.text)
    vPortYield                               0x08002a69   Thumb Code    18  port.o(.text)
    vPortEnterCritical                       0x08002a7b   Thumb Code    22  port.o(.text)
    vPortExitCritical                        0x08002a91   Thumb Code    22  port.o(.text)
    SysTick_Handler                          0x08002aa7   Thumb Code    32  port.o(.text)
    pvPortMalloc                             0x08002b03   Thumb Code   166  heap_2.o(.text)
    vPortFree                                0x08002ba9   Thumb Code    58  heap_2.o(.text)
    xPortGetFreeHeapSize                     0x08002be3   Thumb Code     6  heap_2.o(.text)
    vPortInitialiseBlocks                    0x08002be9   Thumb Code     2  heap_2.o(.text)
    led_port_config                          0x08002c05   Thumb Code    52  main.o(.text)
    led_task                                 0x08002c39   Thumb Code   128  main.o(.text)
    main                                     0x08002cb9   Thumb Code    88  main.o(.text)
    usart_config                             0x08002e0d   Thumb Code   124  usart.o(.text)
    fputc                                    0x08002e89   Thumb Code    32  usart.o(.text)
    fgetc                                    0x08002ea9   Thumb Code    26  usart.o(.text)
    SystemInit                               0x08002f97   Thumb Code   110  system_stm32f0xx.o(.text)
    SystemCoreClockUpdate                    0x08003005   Thumb Code   154  system_stm32f0xx.o(.text)
    NMI_Handler                              0x080030c1   Thumb Code     2  stm32f0xx_it.o(.text)
    HardFault_Handler                        0x080030c3   Thumb Code     4  stm32f0xx_it.o(.text)
    __aeabi_uidiv                            0x080030c7   Thumb Code     0  uidiv.o(.text)
    __aeabi_uidivmod                         0x080030c7   Thumb Code    44  uidiv.o(.text)
    __aeabi_memcpy                           0x080030f3   Thumb Code    36  memcpya.o(.text)
    __aeabi_memcpy4                          0x080030f3   Thumb Code     0  memcpya.o(.text)
    __aeabi_memcpy8                          0x080030f3   Thumb Code     0  memcpya.o(.text)
    __aeabi_memset                           0x08003117   Thumb Code    14  memseta.o(.text)
    __aeabi_memset4                          0x08003117   Thumb Code     0  memseta.o(.text)
    __aeabi_memset8                          0x08003117   Thumb Code     0  memseta.o(.text)
    __aeabi_memclr                           0x08003125   Thumb Code     4  memseta.o(.text)
    __aeabi_memclr4                          0x08003125   Thumb Code     0  memseta.o(.text)
    __aeabi_memclr8                          0x08003125   Thumb Code     0  memseta.o(.text)
    _memset$wrapper                          0x08003129   Thumb Code    18  memseta.o(.text)
    __scatterload                            0x0800313d   Thumb Code    28  init.o(.text)
    __scatterload_rt2                        0x0800313d   Thumb Code     0  init.o(.text)
    __0printf$1                              0x08003161   Thumb Code    24  printf1.o(i.__0printf$1)
    __1printf$1                              0x08003161   Thumb Code     0  printf1.o(i.__0printf$1)
    __2printf                                0x08003161   Thumb Code     0  printf1.o(i.__0printf$1)
    __scatterload_copy                       0x08003181   Thumb Code    14  handlers.o(i.__scatterload_copy)
    __scatterload_null                       0x0800318f   Thumb Code     2  handlers.o(i.__scatterload_null)
    __scatterload_zeroinit                   0x08003191   Thumb Code    14  handlers.o(i.__scatterload_zeroinit)
    Region$$Table$$Base                      0x080032f0   Number         0  anon$$obj.o(Region$$Table)
    Region$$Table$$Limit                     0x08003310   Number         0  anon$$obj.o(Region$$Table)
    pxCurrentTCB                             0x20000020   Data           4  tasks.o(.data)
    SystemCoreClock                          0x20000074   Data           4  system_stm32f0xx.o(.data)
    AHBPrescTable                            0x20000078   Data          16  system_stm32f0xx.o(.data)
    __stdout                                 0x20000088   Data           4  stdout.o(.data)
    xQueueRegistry                           0x2000008c   Data          64  queue.o(.bss)
    __initial_sp                             0x20001f20   Data           0  startup_stm32f030.o(STACK)



==============================================================================

Memory Map of the image

  Image Entry point : 0x080000b5

  Load Region LR_IROM1 (Base: 0x08000000, Size: 0x0000339c, Max: 0x00040000, ABSOLUTE)

    Execution Region ER_IROM1 (Base: 0x08000000, Size: 0x00003310, Max: 0x00040000, ABSOLUTE)

    Base Addr    Size         Type   Attr      Idx    E Section Name        Object

    0x08000000   0x000000b4   Data   RO            3    RESET               startup_stm32f030.o
    0x080000b4   0x00000000   Code   RO          458  * .ARM.Collect$$$$00000000  mc_p.l(entry.o)
    0x080000b4   0x00000004   Code   RO          730    .ARM.Collect$$$$00000001  mc_p.l(entry2.o)
    0x080000b8   0x00000004   Code   RO          733    .ARM.Collect$$$$00000004  mc_p.l(entry5.o)
    0x080000bc   0x00000000   Code   RO          735    .ARM.Collect$$$$00000008  mc_p.l(entry7b.o)
    0x080000bc   0x00000000   Code   RO          737    .ARM.Collect$$$$0000000A  mc_p.l(entry8b.o)
    0x080000bc   0x00000008   Code   RO          738    .ARM.Collect$$$$0000000B  mc_p.l(entry9a.o)
    0x080000c4   0x00000000   Code   RO          740    .ARM.Collect$$$$0000000D  mc_p.l(entry10a.o)
    0x080000c4   0x00000000   Code   RO          742    .ARM.Collect$$$$0000000F  mc_p.l(entry11a.o)
    0x080000c4   0x00000004   Code   RO          731    .ARM.Collect$$$$00002712  mc_p.l(entry2.o)
    0x080000c8   0x00000070   Code   RO          309    .emb_text           port.o
    0x08000138   0x0000001c   Code   RO            4    .text               startup_stm32f030.o
    0x08000154   0x000001f0   Code   RO           12    .text               stm32f0xx_gpio.o
    0x08000344   0x000005f8   Code   RO          115    .text               stm32f0xx_rcc.o
    0x0800093c   0x0000054c   Code   RO          137    .text               stm32f0xx_usart.o
    0x08000e88   0x00000096   Code   RO          177    .text               list.o
    0x08000f1e   0x00000002   PAD
    0x08000f20   0x000008c8   Code   RO          224    .text               queue.o
    0x080017e8   0x00000424   Code   RO          256    .text               timers.o
    0x08001c0c   0x00000dd4   Code   RO          282    .text               tasks.o
    0x080029e0   0x000000fc   Code   RO          310    .text               port.o
    0x08002adc   0x00000128   Code   RO          338    .text               heap_2.o
    0x08002c04   0x00000208   Code   RO          361    .text               main.o
    0x08002e0c   0x000000bc   Code   RO          391    .text               usart.o
    0x08002ec8   0x000001f8   Code   RO          411    .text               system_stm32f0xx.o
    0x080030c0   0x00000006   Code   RO          437    .text               stm32f0xx_it.o
    0x080030c6   0x0000002c   Code   RO          461    .text               mc_p.l(uidiv.o)
    0x080030f2   0x00000024   Code   RO          463    .text               mc_p.l(memcpya.o)
    0x08003116   0x00000024   Code   RO          465    .text               mc_p.l(memseta.o)
    0x0800313a   0x00000002   PAD
    0x0800313c   0x00000024   Code   RO          758    .text               mc_p.l(init.o)
    0x08003160   0x00000020   Code   RO          514    i.__0printf$1       mc_p.l(printf1.o)
    0x08003180   0x0000000e   Code   RO          772    i.__scatterload_copy  mc_p.l(handlers.o)
    0x0800318e   0x00000002   Code   RO          773    i.__scatterload_null  mc_p.l(handlers.o)
    0x08003190   0x0000000e   Code   RO          774    i.__scatterload_zeroinit  mc_p.l(handlers.o)
    0x0800319e   0x00000002   PAD
    0x080031a0   0x00000150   Code   RO          521    i._printf_core      mc_p.l(printf1.o)
    0x080032f0   0x00000020   Data   RO          770    Region$$Table       anon$$obj.o


    Execution Region RW_IRAM1 (Base: 0x20000000, Size: 0x00001f20, Max: 0x00008000, ABSOLUTE)

    Base Addr    Size         Type   Attr      Idx    E Section Name        Object

    0x20000000   0x00000010   Data   RW          116    .data               stm32f0xx_rcc.o
    0x20000010   0x00000010   Data   RW          258    .data               timers.o
    0x20000020   0x00000038   Data   RW          284    .data               tasks.o
    0x20000058   0x00000004   Data   RW          311    .data               port.o
    0x2000005c   0x00000018   Data   RW          340    .data               heap_2.o
    0x20000074   0x00000014   Data   RW          412    .data               system_stm32f0xx.o
    0x20000088   0x00000004   Data   RW          744    .data               mc_p.l(stdout.o)
    0x2000008c   0x00000040   Zero   RW          225    .bss                queue.o
    0x200000cc   0x00000028   Zero   RW          257    .bss                timers.o
    0x200000f4   0x000000c8   Zero   RW          283    .bss                tasks.o
    0x200001bc   0x00001964   Zero   RW          339    .bss                heap_2.o
    0x20001b20   0x00000400   Zero   RW            1    STACK               startup_stm32f030.o


==============================================================================

Image component sizes


      Code (inc. data)   RO Data    RW Data    ZI Data      Debug   Object Name

       296         26          0         24       6500       3516   heap_2.o
       150          0          0          0          0       7830   list.o
       520        142          0          0          0       8848   main.o
       364         32          0          4          0       2982   port.o
      2248          4          0          0         64      18355   queue.o
        28          8        180          0       1024        780   startup_stm32f030.o
       496         22          0          0          0     116793   stm32f0xx_gpio.o
         6          0          0          0          0        616   stm32f0xx_it.o
      1528         42          0         16          0       8930   stm32f0xx_rcc.o
      1356         16          0          0          0      12122   stm32f0xx_usart.o
       504         34          0         20          0       1971   system_stm32f0xx.o
      3540        232          0         56        200      17336   tasks.o
      1060         38          0         16         40       8668   timers.o
       188          6          0          0          0       1627   usart.o

    ----------------------------------------------------------------------
     12286        602        212        136       7828     210374   Object Totals
         0          0         32          0          0          0   (incl. Generated)
         2          0          0          0          0          0   (incl. Padding)

    ----------------------------------------------------------------------

      Code (inc. data)   RO Data    RW Data    ZI Data      Debug   Library Member Name

         0          0          0          0          0          0   entry.o
         0          0          0          0          0          0   entry10a.o
         0          0          0          0          0          0   entry11a.o
         8          4          0          0          0          0   entry2.o
         4          0          0          0          0          0   entry5.o
         0          0          0          0          0          0   entry7b.o
         0          0          0          0          0          0   entry8b.o
         8          4          0          0          0          0   entry9a.o
        30          0          0          0          0          0   handlers.o
        36          8          0          0          0         68   init.o
        36          0          0          0          0         60   memcpya.o
        36          0          0          0          0        100   memseta.o
       368         12          0          0          0        168   printf1.o
         0          0          0          4          0          0   stdout.o
        44          0          0          0          0         72   uidiv.o

    ----------------------------------------------------------------------
       574         28          0          4          0        468   Library Totals
         4          0          0          0          0          0   (incl. Padding)

    ----------------------------------------------------------------------

      Code (inc. data)   RO Data    RW Data    ZI Data      Debug   Library Name

       570         28          0          4          0        468   mc_p.l

    ----------------------------------------------------------------------
       574         28          0          4          0        468   Library Totals

    ----------------------------------------------------------------------

==============================================================================


      Code (inc. data)   RO Data    RW Data    ZI Data      Debug   

     12860        630        212        140       7828     209622   Grand Totals
     12860        630        212        140       7828     209622   ELF Image Totals
     12860        630        212        140          0          0   ROM Totals

==============================================================================

    Total RO  Size (Code + RO Data)                13072 (  12.77kB)
    Total RW  Size (RW Data + ZI Data)              7968 (   7.78kB)
    Total ROM Size (Code + RO Data + RW Data)      13212 (  12.90kB)

==============================================================================

